
> tlou-backend@1.0.0 test
> jest tests/controllers/randomCircle.test.js

node.exe : (node:16680) [DEP0040] DeprecationWarning: The `punycode` module is deprecated. Please use a userland altern
ative instead.
所在位置 C:\Program Files\nodejs\npm.ps1:29 字符: 3
+   & $NODE_EXE $NPM_CLI_JS $args
+   ~~~~~~~~~~~~~~~~~~~~~~~~~~~~~
    + CategoryInfo          : NotSpecified: ((node:16680) [D...native instead.:String) [], RemoteException
    + FullyQualifiedErrorId : NativeCommandError
 
(Use `node --trace-deprecation ...` to show where the warning was created)
(node:16680) [MONGOOSE] Warning: mongoose: Cannot specify a custom index on `_id` for model name "User", MongoDB does n
ot allow overwriting the default `_id` index. See https://bit.ly/mongodb-id-index
FAIL tests/controllers/randomCircle.test.js
  鈼?Console

    console.log
      馃幉 鏀跺埌鑾峰彇闅忔満public鏈嬪弸鍦堣姹? { openid: 'test_openid_1770881049418_3325' }

      at Object.log [as getRandomPublicCircle] (controllers/randomCircle.controller.js:168:13)

    console.log
      鉁?鐢ㄦ埛宸茶璇侊紙openid锛? test_openid_1770881049418_3325

      at Object.log [as getRandomPublicCircle] (controllers/randomCircle.controller.js:185:17)

    console.log
      鉁?閰嶉妫€鏌ラ€氳繃锛屽墿浣欐鏁? 2

      at Object.log [as getRandomPublicCircle] (controllers/randomCircle.controller.js:204:17)

    console.log
      鉁?鎵惧埌绗﹀悎鏉′欢鐨勬湅鍙嬪湀 (灏濊瘯 1/10): {
        circleId: new ObjectId("698d801936662bce2aa4d0f8"),
        circleName: '鍏紑鏈嬪弸鍦?',
        hasPost: true,
        imageCount: 1
      }

      at log (controllers/randomCircle.controller.js:114:15)

    console.log
      馃摑 鐢ㄦ埛 test_openid_1770881049418_3325 璁块棶鍘嗗彶鏇存柊: { currentCircle: '698d801936662bce2aa4d0f8', totalVisited: 1 }

      at Object.log [as getRandomPublicCircle] (controllers/randomCircle.controller.js:342:15)

    console.log
      鉁?闅忔満鏈嬪弸鍦堣幏鍙栨垚鍔? {
        circleId: new ObjectId("698d801936662bce2aa4d0f8"),
        circleName: '鍏紑鏈嬪弸鍦?',
        visitedCount: 1,
        hasLatestPost: true,
        imageCount: 1,
        quotaRemaining: 2
      }

      at Object.log [as getRandomPublicCircle] (controllers/randomCircle.controller.js:371:13)

    console.log
      馃幉 鏀跺埌鑾峰彇闅忔満public鏈嬪弸鍦堣姹? { openid: 'test_openid_1770881049603_1997' }

      at Object.log [as getRandomPublicCircle] (controllers/randomCircle.controller.js:168:13)

    console.log
      鉁?鐢ㄦ埛宸茶璇侊紙openid锛? test_openid_1770881049603_1997

      at Object.log [as getRandomPublicCircle] (controllers/randomCircle.controller.js:185:17)

    console.log
      鉁?閰嶉妫€鏌ラ€氳繃锛屽墿浣欐鏁? 2

      at Object.log [as getRandomPublicCircle] (controllers/randomCircle.controller.js:204:17)

    console.log
      鉁?鎵惧埌绗﹀悎鏉′欢鐨勬湅鍙嬪湀 (灏濊瘯 1/10): {
        circleId: new ObjectId("698d801936662bce2aa4d117"),
        circleName: '鍏紑鏈嬪弸鍦?',
        hasPost: true,
        imageCount: 1
      }

      at log (controllers/randomCircle.controller.js:114:15)

    console.log
      馃摑 鐢ㄦ埛 test_openid_1770881049603_1997 璁块棶鍘嗗彶鏇存柊: { currentCircle: '698d801936662bce2aa4d117', totalVisited: 1 }

      at Object.log [as getRandomPublicCircle] (controllers/randomCircle.controller.js:342:15)

    console.log
      鉁?闅忔満鏈嬪弸鍦堣幏鍙栨垚鍔? {
        circleId: new ObjectId("698d801936662bce2aa4d117"),
        circleName: '鍏紑鏈嬪弸鍦?',
        visitedCount: 1,
        hasLatestPost: true,
        imageCount: 1,
        quotaRemaining: 2
      }

      at Object.log [as getRandomPublicCircle] (controllers/randomCircle.controller.js:371:13)

    console.log
      馃幉 鏀跺埌鑾峰彇闅忔満public鏈嬪弸鍦堣姹? { openid: 'test_openid_1770881049678_3195' }

      at Object.log [as getRandomPublicCircle] (controllers/randomCircle.controller.js:168:13)

    console.log
      鉁?鐢ㄦ埛宸茶璇侊紙openid锛? test_openid_1770881049678_3195

      at Object.log [as getRandomPublicCircle] (controllers/randomCircle.controller.js:185:17)

    console.log
      鉁?閰嶉妫€鏌ラ€氳繃锛屽墿浣欐鏁? 2

      at Object.log [as getRandomPublicCircle] (controllers/randomCircle.controller.js:204:17)

    console.log
      鉁?鎵惧埌绗﹀悎鏉′欢鐨勬湅鍙嬪湀 (灏濊瘯 1/10): {
        circleId: new ObjectId("698d801936662bce2aa4d137"),
        circleName: '鍏紑鏈嬪弸鍦?',
        hasPost: true,
        imageCount: 1
      }

      at log (controllers/randomCircle.controller.js:114:15)

    console.log
      馃摑 鐢ㄦ埛 test_openid_1770881049678_3195 璁块棶鍘嗗彶鏇存柊: { currentCircle: '698d801936662bce2aa4d137', totalVisited: 1 }

      at Object.log [as getRandomPublicCircle] (controllers/randomCircle.controller.js:342:15)

    console.log
      鉁?闅忔満鏈嬪弸鍦堣幏鍙栨垚鍔? {
        circleId: new ObjectId("698d801936662bce2aa4d137"),
        circleName: '鍏紑鏈嬪弸鍦?',
        visitedCount: 1,
        hasLatestPost: true,
        imageCount: 1,
        quotaRemaining: 2
      }

      at Object.log [as getRandomPublicCircle] (controllers/randomCircle.controller.js:371:13)

    console.log
      馃幉 鏀跺埌鑾峰彇闅忔満public鏈嬪弸鍦堣姹? { openid: 'test_openid_1770881049752_4576', excludeVisited: 'false' }

      at Object.log [as getRandomPublicCircle] (controllers/randomCircle.controller.js:168:13)

    console.log
      鉁?鐢ㄦ埛宸茶璇侊紙openid锛? test_openid_1770881049752_4576

      at Object.log [as getRandomPublicCircle] (controllers/randomCircle.controller.js:185:17)

    console.log
      鉁?閰嶉妫€鏌ラ€氳繃锛屽墿浣欐鏁? 2

      at Object.log [as getRandomPublicCircle] (controllers/randomCircle.controller.js:204:17)

    console.log
      鉁?鎵惧埌绗﹀悎鏉′欢鐨勬湅鍙嬪湀 (灏濊瘯 1/10): {
        circleId: new ObjectId("698d801936662bce2aa4d154"),
        circleName: '鍏紑鏈嬪弸鍦?',
        hasPost: true,
        imageCount: 1
      }

      at log (controllers/randomCircle.controller.js:114:15)

    console.log
      鉁?闅忔満鏈嬪弸鍦堣幏鍙栨垚鍔? {
        circleId: new ObjectId("698d801936662bce2aa4d154"),
        circleName: '鍏紑鏈嬪弸鍦?',
        visitedCount: 0,
        hasLatestPost: true,
        imageCount: 1,
        quotaRemaining: 2
      }

      at Object.log [as getRandomPublicCircle] (controllers/randomCircle.controller.js:371:13)

    console.log
      馃幉 鏀跺埌鑾峰彇闅忔満public鏈嬪弸鍦堣姹? { openid: 'test_openid_1770881049752_4576', excludeVisited: 'false' }

      at Object.log [as getRandomPublicCircle] (controllers/randomCircle.controller.js:168:13)

    console.log
      鉁?鐢ㄦ埛宸茶璇侊紙openid锛? test_openid_1770881049752_4576

      at Object.log [as getRandomPublicCircle] (controllers/randomCircle.controller.js:185:17)

    console.log
      鉁?閰嶉妫€鏌ラ€氳繃锛屽墿浣欐鏁? 1

      at Object.log [as getRandomPublicCircle] (controllers/randomCircle.controller.js:204:17)

    console.log
      鉁?鎵惧埌绗﹀悎鏉′欢鐨勬湅鍙嬪湀 (灏濊瘯 1/10): {
        circleId: new ObjectId("698d801936662bce2aa4d158"),
        circleName: '鍏紑鏈嬪弸鍦?',
        hasPost: true,
        imageCount: 1
      }

      at log (controllers/randomCircle.controller.js:114:15)

    console.log
      鉁?闅忔満鏈嬪弸鍦堣幏鍙栨垚鍔? {
        circleId: new ObjectId("698d801936662bce2aa4d158"),
        circleName: '鍏紑鏈嬪弸鍦?',
        visitedCount: 0,
        hasLatestPost: true,
        imageCount: 1,
        quotaRemaining: 1
      }

      at Object.log [as getRandomPublicCircle] (controllers/randomCircle.controller.js:371:13)

    console.log
      馃幉 鏀跺埌鑾峰彇闅忔満public鏈嬪弸鍦堣姹? { openid: 'test_openid_1770881049859_8817' }

      at Object.log [as getRandomPublicCircle] (controllers/randomCircle.controller.js:168:13)

    console.log
      鉁?鐢ㄦ埛宸茶璇侊紙openid锛? test_openid_1770881049859_8817

      at Object.log [as getRandomPublicCircle] (controllers/randomCircle.controller.js:185:17)

    console.log
      鉁?閰嶉妫€鏌ラ€氳繃锛屽墿浣欐鏁? 2

      at Object.log [as getRandomPublicCircle] (controllers/randomCircle.controller.js:204:17)

    console.log
      鉁?鎵惧埌绗﹀悎鏉′欢鐨勬湅鍙嬪湀 (灏濊瘯 1/10): {
        circleId: new ObjectId("698d801936662bce2aa4d17f"),
        circleName: '鍏紑鏈嬪弸鍦?',
        hasPost: true,
        imageCount: 1
      }

      at log (controllers/randomCircle.controller.js:114:15)

    console.log
      馃摑 鐢ㄦ埛 test_openid_1770881049859_8817 璁块棶鍘嗗彶鏇存柊: { currentCircle: '698d801936662bce2aa4d17f', totalVisited: 1 }

      at Object.log [as getRandomPublicCircle] (controllers/randomCircle.controller.js:342:15)

    console.log
      鉁?闅忔満鏈嬪弸鍦堣幏鍙栨垚鍔? {
        circleId: new ObjectId("698d801936662bce2aa4d17f"),
        circleName: '鍏紑鏈嬪弸鍦?',
        visitedCount: 1,
        hasLatestPost: true,
        imageCount: 1,
        quotaRemaining: 2
      }

      at Object.log [as getRandomPublicCircle] (controllers/randomCircle.controller.js:371:13)

    console.log
      馃幉 鏀跺埌鑾峰彇闅忔満public鏈嬪弸鍦堣姹? { openid: 'test_openid_1770881049859_8817' }

      at Object.log [as getRandomPublicCircle] (controllers/randomCircle.controller.js:168:13)

    console.log
      鉁?鐢ㄦ埛宸茶璇侊紙openid锛? test_openid_1770881049859_8817

      at Object.log [as getRandomPublicCircle] (controllers/randomCircle.controller.js:185:17)

    console.log
      鉁?閰嶉妫€鏌ラ€氳繃锛屽墿浣欐鏁? 1

      at Object.log [as getRandomPublicCircle] (controllers/randomCircle.controller.js:204:17)

    console.log
      鉁?鎵惧埌绗﹀悎鏉′欢鐨勬湅鍙嬪湀 (灏濊瘯 1/10): {
        circleId: new ObjectId("698d801936662bce2aa4d181"),
        circleName: '鍏紑鏈嬪弸鍦?',
        hasPost: true,
        imageCount: 1
      }

      at log (controllers/randomCircle.controller.js:114:15)

    console.log
      馃摑 鐢ㄦ埛 test_openid_1770881049859_8817 璁块棶鍘嗗彶鏇存柊: { currentCircle: '698d801936662bce2aa4d181', totalVisited: 2 }

      at Object.log [as getRandomPublicCircle] (controllers/randomCircle.controller.js:342:15)

    console.log
      鉁?闅忔満鏈嬪弸鍦堣幏鍙栨垚鍔? {
        circleId: new ObjectId("698d801936662bce2aa4d181"),
        circleName: '鍏紑鏈嬪弸鍦?',
        visitedCount: 2,
        hasLatestPost: true,
        imageCount: 1,
        quotaRemaining: 1
      }

      at Object.log [as getRandomPublicCircle] (controllers/randomCircle.controller.js:371:13)

    console.log
      馃幉 鏀跺埌鑾峰彇闅忔満public鏈嬪弸鍦堣姹? { openid: 'test_openid_1770881049859_8817', resetHistory: 'true' }

      at Object.log [as getRandomPublicCircle] (controllers/randomCircle.controller.js:168:13)

    console.log
      鉁?鐢ㄦ埛宸茶璇侊紙openid锛? test_openid_1770881049859_8817

      at Object.log [as getRandomPublicCircle] (controllers/randomCircle.controller.js:185:17)

    console.log
      鉁?閰嶉妫€鏌ラ€氳繃锛屽墿浣欐鏁? 0

      at Object.log [as getRandomPublicCircle] (controllers/randomCircle.controller.js:204:17)

    console.log
      馃攧 宸查噸缃敤鎴疯闂巻鍙? test_openid_1770881049859_8817

      at Object.log [as getRandomPublicCircle] (controllers/randomCircle.controller.js:256:15)

    console.log
      鉁?鎵惧埌绗﹀悎鏉′欢鐨勬湅鍙嬪湀 (灏濊瘯 1/10): {
        circleId: new ObjectId("698d801936662bce2aa4d17f"),
        circleName: '鍏紑鏈嬪弸鍦?',
        hasPost: true,
        imageCount: 1
      }

      at log (controllers/randomCircle.controller.js:114:15)

    console.log
      馃摑 鐢ㄦ埛 test_openid_1770881049859_8817 璁块棶鍘嗗彶鏇存柊: { currentCircle: '698d801936662bce2aa4d17f', totalVisited: 1 }

      at Object.log [as getRandomPublicCircle] (controllers/randomCircle.controller.js:342:15)

    console.log
      鉁?闅忔満鏈嬪弸鍦堣幏鍙栨垚鍔? {
        circleId: new ObjectId("698d801936662bce2aa4d17f"),
        circleName: '鍏紑鏈嬪弸鍦?',
        visitedCount: 1,
        hasLatestPost: true,
        imageCount: 1,
        quotaRemaining: 0
      }

      at Object.log [as getRandomPublicCircle] (controllers/randomCircle.controller.js:371:13)

    console.log
      馃幉 鏀跺埌鑾峰彇闅忔満public鏈嬪弸鍦堣姹? { openid: 'test_openid_1770881049981_2559' }

      at Object.log [as getRandomPublicCircle] (controllers/randomCircle.controller.js:168:13)

    console.log
      鉁?鐢ㄦ埛宸茶璇侊紙openid锛? test_openid_1770881049981_2559

      at Object.log [as getRandomPublicCircle] (controllers/randomCircle.controller.js:185:17)

    console.log
      鉁?閰嶉妫€鏌ラ€氳繃锛屽墿浣欐鏁? 2

      at Object.log [as getRandomPublicCircle] (controllers/randomCircle.controller.js:204:17)

    console.log
      馃幉 鏀跺埌鑾峰彇闅忔満public鏈嬪弸鍦堣姹? {}

      at Object.log [as getRandomPublicCircle] (controllers/randomCircle.controller.js:168:13)

    console.error
      鉂?鑾峰彇闅忔満public鏈嬪弸鍦堝け璐? TypeError: Cannot read properties of undefined (reading 'x-forwarded-for')
          at getClientIp (D:\Codes\Cursor\tl-backend\controllers\randomCircle.controller.js:26:32)
          at Object.getClientIp [as getRandomPublicCircle] (D:\Codes\Cursor\tl-backend\controllers\randomCircle.control
ler.js:216:24)
          at Object.getRandomPublicCircle (D:\Codes\Cursor\tl-backend\tests\controllers\randomCircle.test.js:170:36)
          at Promise.then.completed (D:\Codes\Cursor\tl-backend\node_modules\jest-circus\build\utils.js:298:28)
          at new Promise (<anonymous>)
          at callAsyncCircusFn (D:\Codes\Cursor\tl-backend\node_modules\jest-circus\build\utils.js:231:10)
          at _callCircusTest (D:\Codes\Cursor\tl-backend\node_modules\jest-circus\build\run.js:316:40)
          at processTicksAndRejections (node:internal/process/task_queues:105:5)
          at _runTest (D:\Codes\Cursor\tl-backend\node_modules\jest-circus\build\run.js:252:3)
          at _runTestsForDescribeBlock (D:\Codes\Cursor\tl-backend\node_modules\jest-circus\build\run.js:126:9)
          at _runTestsForDescribeBlock (D:\Codes\Cursor\tl-backend\node_modules\jest-circus\build\run.js:121:9)
          at _runTestsForDescribeBlock (D:\Codes\Cursor\tl-backend\node_modules\jest-circus\build\run.js:121:9)
          at run (D:\Codes\Cursor\tl-backend\node_modules\jest-circus\build\run.js:71:3)
          at runAndTransformResultsToJestFormat (D:\Codes\Cursor\tl-backend\node_modules\jest-circus\build\legacy-code-
todo-rewrite\jestAdapterInit.js:122:21)
          at jestAdapter (D:\Codes\Cursor\tl-backend\node_modules\jest-circus\build\legacy-code-todo-rewrite\jestAdapte
r.js:79:19)
          at runTestInternal (D:\Codes\Cursor\tl-backend\node_modules\jest-runner\build\runTest.js:367:16)
          at runTest (D:\Codes\Cursor\tl-backend\node_modules\jest-runner\build\runTest.js:444:34)

      385 |
      386 |   } catch (error) {
    > 387 |     console.error('鉂?鑾峰彇闅忔満public鏈嬪弸鍦堝け璐?', error);
          |             ^
      388 |     
      389 |     res.status(error.statusCode || 500).json({
      390 |       success: false,

      at Object.error [as getRandomPublicCircle] (controllers/randomCircle.controller.js:387:13)
      at Object.getRandomPublicCircle (tests/controllers/randomCircle.test.js:170:36)

    console.log
      馃幉 鏀跺埌鑾峰彇闅忔満public鏈嬪弸鍦堣姹? { openid: 'test_openid_1770881050074_5458' }

      at Object.log [as getRandomPublicCircle] (controllers/randomCircle.controller.js:168:13)

    console.log
      鉁?鐢ㄦ埛宸茶璇侊紙openid锛? test_openid_1770881050074_5458

      at Object.log [as getRandomPublicCircle] (controllers/randomCircle.controller.js:185:17)

    console.log
      鉁?閰嶉妫€鏌ラ€氳繃锛屽墿浣欐鏁? 2

      at Object.log [as getRandomPublicCircle] (controllers/randomCircle.controller.js:204:17)

    console.log
      鈿狅笍 鏈嬪弸鍦堜笉绗﹀悎鏉′欢 (灏濊瘯 1/10): {
        circleId: new ObjectId("698d801a36662bce2aa4d1e2"),
        circleName: '鍏紑鏈嬪弸鍦?',
        hasPost: false,
        hasImages: false
      }

      at log (controllers/randomCircle.controller.js:124:13)

    console.log
      鈿狅笍 鏈嬪弸鍦堜笉绗﹀悎鏉′欢 (灏濊瘯 2/10): {
        circleId: new ObjectId("698d801a36662bce2aa4d1e0"),
        circleName: '鍏紑鏈嬪弸鍦?',
        hasPost: true,
        hasImages: false
      }

      at log (controllers/randomCircle.controller.js:124:13)

    console.log
      鉁?鎵惧埌绗﹀悎鏉′欢鐨勬湅鍙嬪湀 (灏濊瘯 3/10): {
        circleId: new ObjectId("698d801a36662bce2aa4d1de"),
        circleName: '鍏紑鏈嬪弸鍦?',
        hasPost: true,
        imageCount: 2
      }

      at log (controllers/randomCircle.controller.js:114:15)

    console.log
      馃摑 鐢ㄦ埛 test_openid_1770881050074_5458 璁块棶鍘嗗彶鏇存柊: { currentCircle: '698d801a36662bce2aa4d1de', totalVisited: 1 }

      at Object.log [as getRandomPublicCircle] (controllers/randomCircle.controller.js:342:15)

    console.log
      鉁?闅忔満鏈嬪弸鍦堣幏鍙栨垚鍔? {
        circleId: new ObjectId("698d801a36662bce2aa4d1de"),
        circleName: '鍏紑鏈嬪弸鍦?',
        visitedCount: 1,
        hasLatestPost: true,
        imageCount: 2,
        quotaRemaining: 2
      }

      at Object.log [as getRandomPublicCircle] (controllers/randomCircle.controller.js:371:13)

    console.log
      馃幉 鏀跺埌鑾峰彇闅忔満public鏈嬪弸鍦堣姹? { openid: 'test_openid_1770881050074_5458' }

      at Object.log [as getRandomPublicCircle] (controllers/randomCircle.controller.js:168:13)

    console.log
      鉁?鐢ㄦ埛宸茶璇侊紙openid锛? test_openid_1770881050074_5458

      at Object.log [as getRandomPublicCircle] (controllers/randomCircle.controller.js:185:17)

    console.log
      鉁?閰嶉妫€鏌ラ€氳繃锛屽墿浣欐鏁? 1

      at Object.log [as getRandomPublicCircle] (controllers/randomCircle.controller.js:204:17)

    console.log
      鈿狅笍 鏈嬪弸鍦堜笉绗﹀悎鏉′欢 (灏濊瘯 1/10): {
        circleId: new ObjectId("698d801a36662bce2aa4d1e0"),
        circleName: '鍏紑鏈嬪弸鍦?',
        hasPost: true,
        hasImages: false
      }

      at log (controllers/randomCircle.controller.js:124:13)

    console.log
      鈿狅笍 鏈嬪弸鍦堜笉绗﹀悎鏉′欢 (灏濊瘯 2/10): {
        circleId: new ObjectId("698d801a36662bce2aa4d1e2"),
        circleName: '鍏紑鏈嬪弸鍦?',
        hasPost: false,
        hasImages: false
      }

      at log (controllers/randomCircle.controller.js:124:13)

    console.log
      鉂?鏈壘鍒扮鍚堟潯浠剁殑鏈嬪弸鍦?(宸插皾璇?2 涓?

      at log (controllers/randomCircle.controller.js:134:11)

    console.log
      鈾伙笍  鎵€鏈夌鍚堟潯浠剁殑鏈嬪弸鍦堝凡璁块棶瀹屾瘯锛岄噸缃巻鍙茶褰曞苟閲嶈瘯

      at Object.log [as getRandomPublicCircle] (controllers/randomCircle.controller.js:282:17)

    console.log
      鉁?鎵惧埌绗﹀悎鏉′欢鐨勬湅鍙嬪湀 (灏濊瘯 1/10): {
        circleId: new ObjectId("698d801a36662bce2aa4d1de"),
        circleName: '鍏紑鏈嬪弸鍦?',
        hasPost: true,
        imageCount: 2
      }

      at log (controllers/randomCircle.controller.js:114:15)

    console.log
      馃幉 鏀跺埌鑾峰彇闅忔満public鏈嬪弸鍦堣姹? { openid: 'test_openid_1770881050074_5458' }

      at Object.log [as getRandomPublicCircle] (controllers/randomCircle.controller.js:168:13)

    console.log
      鉁?鐢ㄦ埛宸茶璇侊紙openid锛? test_openid_1770881050074_5458

      at Object.log [as getRandomPublicCircle] (controllers/randomCircle.controller.js:185:17)

    console.log
      鉁?閰嶉妫€鏌ラ€氳繃锛屽墿浣欐鏁? 0

      at Object.log [as getRandomPublicCircle] (controllers/randomCircle.controller.js:204:17)

    console.log
      鈿狅笍 鏈嬪弸鍦堜笉绗﹀悎鏉′欢 (灏濊瘯 1/10): {
        circleId: new ObjectId("698d801a36662bce2aa4d1e2"),
        circleName: '鍏紑鏈嬪弸鍦?',
        hasPost: false,
        hasImages: false
      }

      at log (controllers/randomCircle.controller.js:124:13)

    console.log
      鈿狅笍 鏈嬪弸鍦堜笉绗﹀悎鏉′欢 (灏濊瘯 2/10): {
        circleId: new ObjectId("698d801a36662bce2aa4d1e0"),
        circleName: '鍏紑鏈嬪弸鍦?',
        hasPost: true,
        hasImages: false
      }

      at log (controllers/randomCircle.controller.js:124:13)

    console.log
      鉂?鏈壘鍒扮鍚堟潯浠剁殑鏈嬪弸鍦?(宸插皾璇?2 涓?

      at log (controllers/randomCircle.controller.js:134:11)

    console.log
      鈾伙笍  鎵€鏈夌鍚堟潯浠剁殑鏈嬪弸鍦堝凡璁块棶瀹屾瘯锛岄噸缃巻鍙茶褰曞苟閲嶈瘯

      at Object.log [as getRandomPublicCircle] (controllers/randomCircle.controller.js:282:17)

    console.log
      鈿狅笍 鏈嬪弸鍦堜笉绗﹀悎鏉′欢 (灏濊瘯 1/10): {
        circleId: new ObjectId("698d801a36662bce2aa4d1e0"),
        circleName: '鍏紑鏈嬪弸鍦?',
        hasPost: true,
        hasImages: false
      }

      at log (controllers/randomCircle.controller.js:124:13)

    console.log
      鉁?鎵惧埌绗﹀悎鏉′欢鐨勬湅鍙嬪湀 (灏濊瘯 2/10): {
        circleId: new ObjectId("698d801a36662bce2aa4d1de"),
        circleName: '鍏紑鏈嬪弸鍦?',
        hasPost: true,
        imageCount: 2
      }

      at log (controllers/randomCircle.controller.js:114:15)

    console.log
      馃幉 鏀跺埌鑾峰彇闅忔満public鏈嬪弸鍦堣姹? { openid: 'test_openid_1770881050304_6313', excludeVisited: 'false' }

      at Object.log [as getRandomPublicCircle] (controllers/randomCircle.controller.js:168:13)

    console.log
      鉁?鐢ㄦ埛宸茶璇侊紙openid锛? test_openid_1770881050304_6313

      at Object.log [as getRandomPublicCircle] (controllers/randomCircle.controller.js:185:17)

    console.log
      鉁?閰嶉妫€鏌ラ€氳繃锛屽墿浣欐鏁? 2

      at Object.log [as getRandomPublicCircle] (controllers/randomCircle.controller.js:204:17)

    console.log
      鉁?鎵惧埌绗﹀悎鏉′欢鐨勬湅鍙嬪湀 (灏濊瘯 1/10): {
        circleId: new ObjectId("698d801a36662bce2aa4d23f"),
        circleName: '鍏紑鏈嬪弸鍦?',
        hasPost: true,
        imageCount: 1
      }

      at log (controllers/randomCircle.controller.js:114:15)

    console.log
      鉁?闅忔満鏈嬪弸鍦堣幏鍙栨垚鍔? {
        circleId: new ObjectId("698d801a36662bce2aa4d23f"),
        circleName: '鍏紑鏈嬪弸鍦?',
        visitedCount: 0,
        hasLatestPost: true,
        imageCount: 1,
        quotaRemaining: 2
      }

      at Object.log [as getRandomPublicCircle] (controllers/randomCircle.controller.js:371:13)

    console.log
      馃幉 鏀跺埌鑾峰彇闅忔満public鏈嬪弸鍦堣姹? { openid: 'test_openid_1770881050304_6313', excludeVisited: 'false' }

      at Object.log [as getRandomPublicCircle] (controllers/randomCircle.controller.js:168:13)

    console.log
      鉁?鐢ㄦ埛宸茶璇侊紙openid锛? test_openid_1770881050304_6313

      at Object.log [as getRandomPublicCircle] (controllers/randomCircle.controller.js:185:17)

    console.log
      鉁?閰嶉妫€鏌ラ€氳繃锛屽墿浣欐鏁? 1

      at Object.log [as getRandomPublicCircle] (controllers/randomCircle.controller.js:204:17)

    console.log
      鉁?鎵惧埌绗﹀悎鏉′欢鐨勬湅鍙嬪湀 (灏濊瘯 1/10): {
        circleId: new ObjectId("698d801a36662bce2aa4d23f"),
        circleName: '鍏紑鏈嬪弸鍦?',
        hasPost: true,
        imageCount: 1
      }

      at log (controllers/randomCircle.controller.js:114:15)

    console.log
      鉁?闅忔満鏈嬪弸鍦堣幏鍙栨垚鍔? {
        circleId: new ObjectId("698d801a36662bce2aa4d23f"),
        circleName: '鍏紑鏈嬪弸鍦?',
        visitedCount: 0,
        hasLatestPost: true,
        imageCount: 1,
        quotaRemaining: 1
      }

      at Object.log [as getRandomPublicCircle] (controllers/randomCircle.controller.js:371:13)

    console.log
      馃幉 鏀跺埌鑾峰彇闅忔満public鏈嬪弸鍦堣姹? { openid: 'test_openid_1770881050304_6313', excludeVisited: 'false' }

      at Object.log [as getRandomPublicCircle] (controllers/randomCircle.controller.js:168:13)

    console.log
      鉁?鐢ㄦ埛宸茶璇侊紙openid锛? test_openid_1770881050304_6313

      at Object.log [as getRandomPublicCircle] (controllers/randomCircle.controller.js:185:17)

    console.log
      鉁?閰嶉妫€鏌ラ€氳繃锛屽墿浣欐鏁? 0

      at Object.log [as getRandomPublicCircle] (controllers/randomCircle.controller.js:204:17)

    console.log
      鉁?鎵惧埌绗﹀悎鏉′欢鐨勬湅鍙嬪湀 (灏濊瘯 1/10): {
        circleId: new ObjectId("698d801a36662bce2aa4d241"),
        circleName: '鍏紑鏈嬪弸鍦?',
        hasPost: true,
        imageCount: 1
      }

      at log (controllers/randomCircle.controller.js:114:15)

    console.log
      鉁?闅忔満鏈嬪弸鍦堣幏鍙栨垚鍔? {
        circleId: new ObjectId("698d801a36662bce2aa4d241"),
        circleName: '鍏紑鏈嬪弸鍦?',
        visitedCount: 0,
        hasLatestPost: true,
        imageCount: 1,
        quotaRemaining: 0
      }

      at Object.log [as getRandomPublicCircle] (controllers/randomCircle.controller.js:371:13)

    console.log
      馃幉 鏀跺埌鑾峰彇闅忔満public鏈嬪弸鍦堣姹? { openid: 'test_openid_1770881050420_8586', excludeVisited: 'false' }

      at Object.log [as getRandomPublicCircle] (controllers/randomCircle.controller.js:168:13)

    console.log
      鉁?鐢ㄦ埛宸茶璇侊紙openid锛? test_openid_1770881050420_8586

      at Object.log [as getRandomPublicCircle] (controllers/randomCircle.controller.js:185:17)

    console.log
      鉁?閰嶉妫€鏌ラ€氳繃锛屽墿浣欐鏁? 2

      at Object.log [as getRandomPublicCircle] (controllers/randomCircle.controller.js:204:17)

    console.log
      鈿狅笍 鏈嬪弸鍦堜笉绗﹀悎鏉′欢 (灏濊瘯 1/10): {
        circleId: new ObjectId("698d801a36662bce2aa4d279"),
        circleName: '鍏紑鏈嬪弸鍦?',
        hasPost: true,
        hasImages: false
      }

      at log (controllers/randomCircle.controller.js:124:13)

    console.log
      鈿狅笍 鏈嬪弸鍦堜笉绗﹀悎鏉′欢 (灏濊瘯 2/10): {
        circleId: new ObjectId("698d801a36662bce2aa4d27b"),
        circleName: '鍏紑鏈嬪弸鍦?',
        hasPost: false,
        hasImages: false
      }

      at log (controllers/randomCircle.controller.js:124:13)

    console.log
      鉁?鎵惧埌绗﹀悎鏉′欢鐨勬湅鍙嬪湀 (灏濊瘯 3/10): {
        circleId: new ObjectId("698d801a36662bce2aa4d277"),
        circleName: '鍏紑鏈嬪弸鍦?',
        hasPost: true,
        imageCount: 1
      }

      at log (controllers/randomCircle.controller.js:114:15)

    console.log
      鉁?闅忔満鏈嬪弸鍦堣幏鍙栨垚鍔? {
        circleId: new ObjectId("698d801a36662bce2aa4d277"),
        circleName: '鍏紑鏈嬪弸鍦?',
        visitedCount: 0,
        hasLatestPost: true,
        imageCount: 1,
        quotaRemaining: 2
      }

      at Object.log [as getRandomPublicCircle] (controllers/randomCircle.controller.js:371:13)

    console.log
      馃幉 鏀跺埌鑾峰彇闅忔満public鏈嬪弸鍦堣姹? { openid: 'test_openid_1770881050420_8586', excludeVisited: 'false' }

      at Object.log [as getRandomPublicCircle] (controllers/randomCircle.controller.js:168:13)

    console.log
      鉁?鐢ㄦ埛宸茶璇侊紙openid锛? test_openid_1770881050420_8586

      at Object.log [as getRandomPublicCircle] (controllers/randomCircle.controller.js:185:17)

    console.log
      鉁?閰嶉妫€鏌ラ€氳繃锛屽墿浣欐鏁? 1

      at Object.log [as getRandomPublicCircle] (controllers/randomCircle.controller.js:204:17)

    console.log
      鉁?鎵惧埌绗﹀悎鏉′欢鐨勬湅鍙嬪湀 (灏濊瘯 1/10): {
        circleId: new ObjectId("698d801a36662bce2aa4d277"),
        circleName: '鍏紑鏈嬪弸鍦?',
        hasPost: true,
        imageCount: 1
      }

      at log (controllers/randomCircle.controller.js:114:15)

    console.log
      鉁?闅忔満鏈嬪弸鍦堣幏鍙栨垚鍔? {
        circleId: new ObjectId("698d801a36662bce2aa4d277"),
        circleName: '鍏紑鏈嬪弸鍦?',
        visitedCount: 0,
        hasLatestPost: true,
        imageCount: 1,
        quotaRemaining: 1
      }

      at Object.log [as getRandomPublicCircle] (controllers/randomCircle.controller.js:371:13)

    console.log
      馃幉 鏀跺埌鑾峰彇闅忔満public鏈嬪弸鍦堣姹? { openid: 'test_openid_1770881050420_8586', excludeVisited: 'false' }

      at Object.log [as getRandomPublicCircle] (controllers/randomCircle.controller.js:168:13)

    console.log
      鉁?鐢ㄦ埛宸茶璇侊紙openid锛? test_openid_1770881050420_8586

      at Object.log [as getRandomPublicCircle] (controllers/randomCircle.controller.js:185:17)

    console.log
      鉁?閰嶉妫€鏌ラ€氳繃锛屽墿浣欐鏁? 0

      at Object.log [as getRandomPublicCircle] (controllers/randomCircle.controller.js:204:17)

    console.log
      鈿狅笍 鏈嬪弸鍦堜笉绗﹀悎鏉′欢 (灏濊瘯 1/10): {
        circleId: new ObjectId("698d801a36662bce2aa4d27b"),
        circleName: '鍏紑鏈嬪弸鍦?',
        hasPost: false,
        hasImages: false
      }

      at log (controllers/randomCircle.controller.js:124:13)

    console.log
      鉁?鎵惧埌绗﹀悎鏉′欢鐨勬湅鍙嬪湀 (灏濊瘯 2/10): {
        circleId: new ObjectId("698d801a36662bce2aa4d277"),
        circleName: '鍏紑鏈嬪弸鍦?',
        hasPost: true,
        imageCount: 1
      }

      at log (controllers/randomCircle.controller.js:114:15)

    console.log
      鉁?闅忔満鏈嬪弸鍦堣幏鍙栨垚鍔? {
        circleId: new ObjectId("698d801a36662bce2aa4d277"),
        circleName: '鍏紑鏈嬪弸鍦?',
        visitedCount: 0,
        hasLatestPost: true,
        imageCount: 1,
        quotaRemaining: 0
      }

      at Object.log [as getRandomPublicCircle] (controllers/randomCircle.controller.js:371:13)

    console.log
      馃幉 鏀跺埌鑾峰彇闅忔満public鏈嬪弸鍦堣姹? { openid: 'test_openid_1770881050574_7416' }

      at Object.log [as getRandomPublicCircle] (controllers/randomCircle.controller.js:168:13)

    console.log
      鉁?鐢ㄦ埛宸茶璇侊紙openid锛? test_openid_1770881050574_7416

      at Object.log [as getRandomPublicCircle] (controllers/randomCircle.controller.js:185:17)

    console.log
      鉁?閰嶉妫€鏌ラ€氳繃锛屽墿浣欐鏁? 2

      at Object.log [as getRandomPublicCircle] (controllers/randomCircle.controller.js:204:17)

    console.log
      鈿狅笍 鏈嬪弸鍦堜笉绗﹀悎鏉′欢 (灏濊瘯 1/10): {
        circleId: new ObjectId("698d801a36662bce2aa4d2bf"),
        circleName: '鍏紑鏈嬪弸鍦?',
        hasPost: true,
        hasImages: false
      }

      at log (controllers/randomCircle.controller.js:124:13)

    console.log
      鈿狅笍 鏈嬪弸鍦堜笉绗﹀悎鏉′欢 (灏濊瘯 2/10): {
        circleId: new ObjectId("698d801a36662bce2aa4d2c1"),
        circleName: '鍏紑鏈嬪弸鍦?',
        hasPost: true,
        hasImages: false
      }

      at log (controllers/randomCircle.controller.js:124:13)

    console.log
      鈿狅笍 鏈嬪弸鍦堜笉绗﹀悎鏉′欢 (灏濊瘯 3/10): {
        circleId: new ObjectId("698d801a36662bce2aa4d2c3"),
        circleName: '鍏紑鏈嬪弸鍦?',
        hasPost: false,
        hasImages: false
      }

      at log (controllers/randomCircle.controller.js:124:13)

    console.log
      鉂?鏈壘鍒扮鍚堟潯浠剁殑鏈嬪弸鍦?(宸插皾璇?3 涓?

      at log (controllers/randomCircle.controller.js:134:11)

    console.log
      馃幉 鏀跺埌鑾峰彇闅忔満public鏈嬪弸鍦堣姹? { openid: 'test_openid_1770881050675_5045' }

      at Object.log [as getRandomPublicCircle] (controllers/randomCircle.controller.js:168:13)

    console.log
      鉁?鐢ㄦ埛宸茶璇侊紙openid锛? test_openid_1770881050675_5045

      at Object.log [as getRandomPublicCircle] (controllers/randomCircle.controller.js:185:17)

    console.log
      鉁?閰嶉妫€鏌ラ€氳繃锛屽墿浣欐鏁? 2

      at Object.log [as getRandomPublicCircle] (controllers/randomCircle.controller.js:204:17)

    console.log
      鈿狅笍 鏈嬪弸鍦堜笉绗﹀悎鏉′欢 (灏濊瘯 1/10): {
        circleId: new ObjectId("698d801a36662bce2aa4d2f1"),
        circleName: '鍏紑鏈嬪弸鍦?',
        hasPost: false,
        hasImages: false
      }

      at log (controllers/randomCircle.controller.js:124:13)

    console.log
      鉁?鎵惧埌绗﹀悎鏉′欢鐨勬湅鍙嬪湀 (灏濊瘯 2/10): {
        circleId: new ObjectId("698d801a36662bce2aa4d2ed"),
        circleName: '鍏紑鏈嬪弸鍦?',
        hasPost: true,
        imageCount: 1
      }

      at log (controllers/randomCircle.controller.js:114:15)

    console.log
      馃摑 鐢ㄦ埛 test_openid_1770881050675_5045 璁块棶鍘嗗彶鏇存柊: { currentCircle: '698d801a36662bce2aa4d2ed', totalVisited: 1 }

      at Object.log [as getRandomPublicCircle] (controllers/randomCircle.controller.js:342:15)

    console.log
      鉁?闅忔満鏈嬪弸鍦堣幏鍙栨垚鍔? {
        circleId: new ObjectId("698d801a36662bce2aa4d2ed"),
        circleName: '鍏紑鏈嬪弸鍦?',
        visitedCount: 1,
        hasLatestPost: true,
        imageCount: 1,
        quotaRemaining: 2
      }

      at Object.log [as getRandomPublicCircle] (controllers/randomCircle.controller.js:371:13)

    console.log
      馃幉 鏀跺埌鑾峰彇闅忔満public鏈嬪弸鍦堣姹? { openid: 'test_openid_1770881050792_7498' }

      at Object.log [as getRandomPublicCircle] (controllers/randomCircle.controller.js:168:13)

    console.log
      鉁?鐢ㄦ埛宸茶璇侊紙openid锛? test_openid_1770881050792_7498

      at Object.log [as getRandomPublicCircle] (controllers/randomCircle.controller.js:185:17)

    console.log
      鉁?閰嶉妫€鏌ラ€氳繃锛屽墿浣欐鏁? 2

      at Object.log [as getRandomPublicCircle] (controllers/randomCircle.controller.js:204:17)

    console.log
      鈿狅笍 鏈嬪弸鍦堜笉绗﹀悎鏉′欢 (灏濊瘯 1/10): {
        circleId: new ObjectId("698d801a36662bce2aa4d318"),
        circleName: '鍏紑鏈嬪弸鍦?',
        hasPost: false,
        hasImages: false
      }

      at log (controllers/randomCircle.controller.js:124:13)

    console.log
      鈿狅笍 鏈嬪弸鍦堜笉绗﹀悎鏉′欢 (灏濊瘯 2/10): {
        circleId: new ObjectId("698d801a36662bce2aa4d31a"),
        circleName: '鍏紑鏈嬪弸鍦?',
        hasPost: false,
        hasImages: false
      }

      at log (controllers/randomCircle.controller.js:124:13)

    console.log
      鉁?鎵惧埌绗﹀悎鏉′欢鐨勬湅鍙嬪湀 (灏濊瘯 3/10): {
        circleId: new ObjectId("698d801a36662bce2aa4d316"),
        circleName: '鍏紑鏈嬪弸鍦?',
        hasPost: true,
        imageCount: 2
      }

      at log (controllers/randomCircle.controller.js:114:15)

    console.log
      馃摑 鐢ㄦ埛 test_openid_1770881050792_7498 璁块棶鍘嗗彶鏇存柊: { currentCircle: '698d801a36662bce2aa4d316', totalVisited: 1 }

      at Object.log [as getRandomPublicCircle] (controllers/randomCircle.controller.js:342:15)

    console.log
      鉁?闅忔満鏈嬪弸鍦堣幏鍙栨垚鍔? {
        circleId: new ObjectId("698d801a36662bce2aa4d316"),
        circleName: '鍏紑鏈嬪弸鍦?',
        visitedCount: 1,
        hasLatestPost: true,
        imageCount: 2,
        quotaRemaining: 2
      }

      at Object.log [as getRandomPublicCircle] (controllers/randomCircle.controller.js:371:13)

    console.log
      馃幉 鏀跺埌鑾峰彇闅忔満public鏈嬪弸鍦堣姹? { openid: 'test_openid_1770881050888_5315' }

      at Object.log [as getRandomPublicCircle] (controllers/randomCircle.controller.js:168:13)

    console.log
      鉁?鐢ㄦ埛宸茶璇侊紙openid锛? test_openid_1770881050888_5315

      at Object.log [as getRandomPublicCircle] (controllers/randomCircle.controller.js:185:17)

    console.log
      鉁?閰嶉妫€鏌ラ€氳繃锛屽墿浣欐鏁? 2

      at Object.log [as getRandomPublicCircle] (controllers/randomCircle.controller.js:204:17)

    console.log
      鉁?鎵惧埌绗﹀悎鏉′欢鐨勬湅鍙嬪湀 (灏濊瘯 1/10): {
        circleId: new ObjectId("698d801a36662bce2aa4d346"),
        circleName: '鍏紑鏈嬪弸鍦?',
        hasPost: true,
        imageCount: 1
      }

      at log (controllers/randomCircle.controller.js:114:15)

    console.log
      馃摑 鐢ㄦ埛 test_openid_1770881050888_5315 璁块棶鍘嗗彶鏇存柊: { currentCircle: '698d801a36662bce2aa4d346', totalVisited: 1 }

      at Object.log [as getRandomPublicCircle] (controllers/randomCircle.controller.js:342:15)

    console.log
      鉁?闅忔満鏈嬪弸鍦堣幏鍙栨垚鍔? {
        circleId: new ObjectId("698d801a36662bce2aa4d346"),
        circleName: '鍏紑鏈嬪弸鍦?',
        visitedCount: 1,
        hasLatestPost: true,
        imageCount: 1,
        quotaRemaining: 2
      }

      at Object.log [as getRandomPublicCircle] (controllers/randomCircle.controller.js:371:13)

    console.log
      馃幉 鏀跺埌鑾峰彇闅忔満public鏈嬪弸鍦堣姹? { openid: 'test_openid_1770881050952_2352' }

      at Object.log [as getRandomPublicCircle] (controllers/randomCircle.controller.js:168:13)

    console.log
      鉁?鐢ㄦ埛宸茶璇侊紙openid锛? test_openid_1770881050952_2352

      at Object.log [as getRandomPublicCircle] (controllers/randomCircle.controller.js:185:17)

    console.log
      鉁?閰嶉妫€鏌ラ€氳繃锛屽墿浣欐鏁? 2

      at Object.log [as getRandomPublicCircle] (controllers/randomCircle.controller.js:204:17)

    console.log
      鉁?鎵惧埌绗﹀悎鏉′欢鐨勬湅鍙嬪湀 (灏濊瘯 1/10): {
        circleId: new ObjectId("698d801a36662bce2aa4d365"),
        circleName: '鍏紑鏈嬪弸鍦?',
        hasPost: true,
        imageCount: 1
      }

      at log (controllers/randomCircle.controller.js:114:15)

    console.log
      馃摑 鐢ㄦ埛 test_openid_1770881050952_2352 璁块棶鍘嗗彶鏇存柊: { currentCircle: '698d801a36662bce2aa4d365', totalVisited: 1 }

      at Object.log [as getRandomPublicCircle] (controllers/randomCircle.controller.js:342:15)

    console.log
      鉁?闅忔満鏈嬪弸鍦堣幏鍙栨垚鍔? {
        circleId: new ObjectId("698d801a36662bce2aa4d365"),
        circleName: '鍏紑鏈嬪弸鍦?',
        visitedCount: 1,
        hasLatestPost: true,
        imageCount: 1,
        quotaRemaining: 2
      }

      at Object.log [as getRandomPublicCircle] (controllers/randomCircle.controller.js:371:13)

    console.log
      馃幉 鏀跺埌鑾峰彇闅忔満public鏈嬪弸鍦堣姹? { openid: 'test_openid_1770881050952_2352' }

      at Object.log [as getRandomPublicCircle] (controllers/randomCircle.controller.js:168:13)

    console.log
      鉁?鐢ㄦ埛宸茶璇侊紙openid锛? test_openid_1770881050952_2352

      at Object.log [as getRandomPublicCircle] (controllers/randomCircle.controller.js:185:17)

    console.log
      鉁?閰嶉妫€鏌ラ€氳繃锛屽墿浣欐鏁? 1

      at Object.log [as getRandomPublicCircle] (controllers/randomCircle.controller.js:204:17)

    console.log
      鉁?鎵惧埌绗﹀悎鏉′欢鐨勬湅鍙嬪湀 (灏濊瘯 1/10): {
        circleId: new ObjectId("698d801a36662bce2aa4d363"),
        circleName: '鍏紑鏈嬪弸鍦?',
        hasPost: true,
        imageCount: 1
      }

      at log (controllers/randomCircle.controller.js:114:15)

    console.log
      馃摑 鐢ㄦ埛 test_openid_1770881050952_2352 璁块棶鍘嗗彶鏇存柊: { currentCircle: '698d801a36662bce2aa4d363', totalVisited: 2 }

      at Object.log [as getRandomPublicCircle] (controllers/randomCircle.controller.js:342:15)

    console.log
      鉁?闅忔満鏈嬪弸鍦堣幏鍙栨垚鍔? {
        circleId: new ObjectId("698d801a36662bce2aa4d363"),
        circleName: '鍏紑鏈嬪弸鍦?',
        visitedCount: 2,
        hasLatestPost: true,
        imageCount: 1,
        quotaRemaining: 1
      }

      at Object.log [as getRandomPublicCircle] (controllers/randomCircle.controller.js:371:13)

    console.log
      馃幉 鏀跺埌鑾峰彇闅忔満public鏈嬪弸鍦堣姹? { openid: 'test_openid_1770881050952_2352' }

      at Object.log [as getRandomPublicCircle] (controllers/randomCircle.controller.js:168:13)

    console.log
      鉁?鐢ㄦ埛宸茶璇侊紙openid锛? test_openid_1770881050952_2352

      at Object.log [as getRandomPublicCircle] (controllers/randomCircle.controller.js:185:17)

    console.log
      鉁?閰嶉妫€鏌ラ€氳繃锛屽墿浣欐鏁? 0

      at Object.log [as getRandomPublicCircle] (controllers/randomCircle.controller.js:204:17)

    console.log
      鉁?鎵惧埌绗﹀悎鏉′欢鐨勬湅鍙嬪湀 (灏濊瘯 1/10): {
        circleId: new ObjectId("698d801a36662bce2aa4d361"),
        circleName: '鍏紑鏈嬪弸鍦?',
        hasPost: true,
        imageCount: 1
      }

      at log (controllers/randomCircle.controller.js:114:15)

    console.log
      馃摑 鐢ㄦ埛 test_openid_1770881050952_2352 璁块棶鍘嗗彶鏇存柊: { currentCircle: '698d801a36662bce2aa4d361', totalVisited: 3 }

      at Object.log [as getRandomPublicCircle] (controllers/randomCircle.controller.js:342:15)

    console.log
      鉁?闅忔満鏈嬪弸鍦堣幏鍙栨垚鍔? {
        circleId: new ObjectId("698d801a36662bce2aa4d361"),
        circleName: '鍏紑鏈嬪弸鍦?',
        visitedCount: 3,
        hasLatestPost: true,
        imageCount: 1,
        quotaRemaining: 0
      }

      at Object.log [as getRandomPublicCircle] (controllers/randomCircle.controller.js:371:13)

    console.log
      馃幉 鏀跺埌鑾峰彇闅忔満public鏈嬪弸鍦堣姹? { openid: 'test_openid_1770881050952_2352' }

      at Object.log [as getRandomPublicCircle] (controllers/randomCircle.controller.js:168:13)

    console.log
      鉁?鐢ㄦ埛宸茶璇侊紙openid锛? test_openid_1770881050952_2352

      at Object.log [as getRandomPublicCircle] (controllers/randomCircle.controller.js:185:17)

    console.log
      馃毇 鐢ㄦ埛閰嶉宸茬敤瀹? {
        daily: 3,
        used: 3,
        remaining: 0,
        resetAt: '2026-02-12T16:00:00.000Z',
        hasPurchase: false
      }

      at Object.log [as getRandomPublicCircle] (controllers/randomCircle.controller.js:191:19)

    console.log
      馃幉 鏀跺埌鑾峰彇闅忔満public鏈嬪弸鍦堣姹? { openid: 'test_openid_1770881051073_1198' }

      at Object.log [as getRandomPublicCircle] (controllers/randomCircle.controller.js:168:13)

    console.log
      鉁?鐢ㄦ埛宸茶璇侊紙openid锛? test_openid_1770881051073_1198

      at Object.log [as getRandomPublicCircle] (controllers/randomCircle.controller.js:185:17)

    console.log
      鉁?閰嶉妫€鏌ラ€氳繃锛屽墿浣欐鏁? 7

      at Object.log [as getRandomPublicCircle] (controllers/randomCircle.controller.js:204:17)

    console.log
      鉁?鎵惧埌绗﹀悎鏉′欢鐨勬湅鍙嬪湀 (灏濊瘯 1/10): {
        circleId: new ObjectId("698d801b36662bce2aa4d395"),
        circleName: '鍏紑鏈嬪弸鍦?',
        hasPost: true,
        imageCount: 1
      }

      at log (controllers/randomCircle.controller.js:114:15)

    console.log
      馃摑 鐢ㄦ埛 test_openid_1770881051073_1198 璁块棶鍘嗗彶鏇存柊: { currentCircle: '698d801b36662bce2aa4d395', totalVisited: 1 }

      at Object.log [as getRandomPublicCircle] (controllers/randomCircle.controller.js:342:15)

    console.log
      鉁?闅忔満鏈嬪弸鍦堣幏鍙栨垚鍔? {
        circleId: new ObjectId("698d801b36662bce2aa4d395"),
        circleName: '鍏紑鏈嬪弸鍦?',
        visitedCount: 1,
        hasLatestPost: true,
        imageCount: 1,
        quotaRemaining: 7
      }

      at Object.log [as getRandomPublicCircle] (controllers/randomCircle.controller.js:371:13)

    console.log
      馃幉 鏀跺埌鑾峰彇闅忔満public鏈嬪弸鍦堣姹? { openid: 'test_openid_1770881051073_1198' }

      at Object.log [as getRandomPublicCircle] (controllers/randomCircle.controller.js:168:13)

    console.log
      鉁?鐢ㄦ埛宸茶璇侊紙openid锛? test_openid_1770881051073_1198

      at Object.log [as getRandomPublicCircle] (controllers/randomCircle.controller.js:185:17)

    console.log
      鉁?閰嶉妫€鏌ラ€氳繃锛屽墿浣欐鏁? 6

      at Object.log [as getRandomPublicCircle] (controllers/randomCircle.controller.js:204:17)

    console.log
      鉁?鎵惧埌绗﹀悎鏉′欢鐨勬湅鍙嬪湀 (灏濊瘯 1/10): {
        circleId: new ObjectId("698d801b36662bce2aa4d399"),
        circleName: '鍏紑鏈嬪弸鍦?',
        hasPost: true,
        imageCount: 1
      }

      at log (controllers/randomCircle.controller.js:114:15)

    console.log
      馃摑 鐢ㄦ埛 test_openid_1770881051073_1198 璁块棶鍘嗗彶鏇存柊: { currentCircle: '698d801b36662bce2aa4d399', totalVisited: 2 }

      at Object.log [as getRandomPublicCircle] (controllers/randomCircle.controller.js:342:15)

    console.log
      鉁?闅忔満鏈嬪弸鍦堣幏鍙栨垚鍔? {
        circleId: new ObjectId("698d801b36662bce2aa4d399"),
        circleName: '鍏紑鏈嬪弸鍦?',
        visitedCount: 2,
        hasLatestPost: true,
        imageCount: 1,
        quotaRemaining: 6
      }

      at Object.log [as getRandomPublicCircle] (controllers/randomCircle.controller.js:371:13)

    console.log
      馃幉 鏀跺埌鑾峰彇闅忔満public鏈嬪弸鍦堣姹? { openid: 'test_openid_1770881051073_1198' }

      at Object.log [as getRandomPublicCircle] (controllers/randomCircle.controller.js:168:13)

    console.log
      鉁?鐢ㄦ埛宸茶璇侊紙openid锛? test_openid_1770881051073_1198

      at Object.log [as getRandomPublicCircle] (controllers/randomCircle.controller.js:185:17)

    console.log
      鉁?閰嶉妫€鏌ラ€氳繃锛屽墿浣欐鏁? 5

      at Object.log [as getRandomPublicCircle] (controllers/randomCircle.controller.js:204:17)

    console.log
      鉁?鎵惧埌绗﹀悎鏉′欢鐨勬湅鍙嬪湀 (灏濊瘯 1/10): {
        circleId: new ObjectId("698d801b36662bce2aa4d397"),
        circleName: '鍏紑鏈嬪弸鍦?',
        hasPost: true,
        imageCount: 1
      }

      at log (controllers/randomCircle.controller.js:114:15)

    console.log
      馃摑 鐢ㄦ埛 test_openid_1770881051073_1198 璁块棶鍘嗗彶鏇存柊: { currentCircle: '698d801b36662bce2aa4d397', totalVisited: 3 }

      at Object.log [as getRandomPublicCircle] (controllers/randomCircle.controller.js:342:15)

    console.log
      鉁?闅忔満鏈嬪弸鍦堣幏鍙栨垚鍔? {
        circleId: new ObjectId("698d801b36662bce2aa4d397"),
        circleName: '鍏紑鏈嬪弸鍦?',
        visitedCount: 3,
        hasLatestPost: true,
        imageCount: 1,
        quotaRemaining: 5
      }

      at Object.log [as getRandomPublicCircle] (controllers/randomCircle.controller.js:371:13)

    console.log
      馃幉 鏀跺埌鑾峰彇闅忔満public鏈嬪弸鍦堣姹? { openid: 'test_openid_1770881051073_1198' }

      at Object.log [as getRandomPublicCircle] (controllers/randomCircle.controller.js:168:13)

    console.log
      鉁?鐢ㄦ埛宸茶璇侊紙openid锛? test_openid_1770881051073_1198

      at Object.log [as getRandomPublicCircle] (controllers/randomCircle.controller.js:185:17)

    console.log
      鉁?閰嶉妫€鏌ラ€氳繃锛屽墿浣欐鏁? 4

      at Object.log [as getRandomPublicCircle] (controllers/randomCircle.controller.js:204:17)

    console.log
      鈾伙笍  鎵€鏈夌鍚堟潯浠剁殑鏈嬪弸鍦堝凡璁块棶瀹屾瘯锛岄噸缃巻鍙茶褰曞苟閲嶈瘯

      at Object.log [as getRandomPublicCircle] (controllers/randomCircle.controller.js:282:17)

    console.log
      鉁?鎵惧埌绗﹀悎鏉′欢鐨勬湅鍙嬪湀 (灏濊瘯 1/10): {
        circleId: new ObjectId("698d801b36662bce2aa4d395"),
        circleName: '鍏紑鏈嬪弸鍦?',
        hasPost: true,
        imageCount: 1
      }

      at log (controllers/randomCircle.controller.js:114:15)

    console.log
      馃幉 鏀跺埌鑾峰彇闅忔満public鏈嬪弸鍦堣姹? { openid: 'test_openid_1770881051073_1198' }

      at Object.log [as getRandomPublicCircle] (controllers/randomCircle.controller.js:168:13)

    console.log
      鉁?鐢ㄦ埛宸茶璇侊紙openid锛? test_openid_1770881051073_1198

      at Object.log [as getRandomPublicCircle] (controllers/randomCircle.controller.js:185:17)

    console.log
      鉁?閰嶉妫€鏌ラ€氳繃锛屽墿浣欐鏁? 3

      at Object.log [as getRandomPublicCircle] (controllers/randomCircle.controller.js:204:17)

    console.log
      鉁?鎵惧埌绗﹀悎鏉′欢鐨勬湅鍙嬪湀 (灏濊瘯 1/10): {
        circleId: new ObjectId("698d801b36662bce2aa4d397"),
        circleName: '鍏紑鏈嬪弸鍦?',
        hasPost: true,
        imageCount: 1
      }

      at log (controllers/randomCircle.controller.js:114:15)

    console.log
      馃摑 鐢ㄦ埛 test_openid_1770881051073_1198 璁块棶鍘嗗彶鏇存柊: { currentCircle: '698d801b36662bce2aa4d397', totalVisited: 2 }

      at Object.log [as getRandomPublicCircle] (controllers/randomCircle.controller.js:342:15)

    console.log
      鉁?闅忔満鏈嬪弸鍦堣幏鍙栨垚鍔? {
        circleId: new ObjectId("698d801b36662bce2aa4d397"),
        circleName: '鍏紑鏈嬪弸鍦?',
        visitedCount: 2,
        hasLatestPost: true,
        imageCount: 1,
        quotaRemaining: 3
      }

      at Object.log [as getRandomPublicCircle] (controllers/randomCircle.controller.js:371:13)

    console.log
      馃幉 鏀跺埌鑾峰彇闅忔満public鏈嬪弸鍦堣姹? { openid: 'test_openid_1770881051073_1198' }

      at Object.log [as getRandomPublicCircle] (controllers/randomCircle.controller.js:168:13)

    console.log
      鉁?鐢ㄦ埛宸茶璇侊紙openid锛? test_openid_1770881051073_1198

      at Object.log [as getRandomPublicCircle] (controllers/randomCircle.controller.js:185:17)

    console.log
      鉁?閰嶉妫€鏌ラ€氳繃锛屽墿浣欐鏁? 2

      at Object.log [as getRandomPublicCircle] (controllers/randomCircle.controller.js:204:17)

    console.log
      鉁?鎵惧埌绗﹀悎鏉′欢鐨勬湅鍙嬪湀 (灏濊瘯 1/10): {
        circleId: new ObjectId("698d801b36662bce2aa4d399"),
        circleName: '鍏紑鏈嬪弸鍦?',
        hasPost: true,
        imageCount: 1
      }

      at log (controllers/randomCircle.controller.js:114:15)

    console.log
      馃摑 鐢ㄦ埛 test_openid_1770881051073_1198 璁块棶鍘嗗彶鏇存柊: { currentCircle: '698d801b36662bce2aa4d399', totalVisited: 3 }

      at Object.log [as getRandomPublicCircle] (controllers/randomCircle.controller.js:342:15)

    console.log
      鉁?闅忔満鏈嬪弸鍦堣幏鍙栨垚鍔? {
        circleId: new ObjectId("698d801b36662bce2aa4d399"),
        circleName: '鍏紑鏈嬪弸鍦?',
        visitedCount: 3,
        hasLatestPost: true,
        imageCount: 1,
        quotaRemaining: 2
      }

      at Object.log [as getRandomPublicCircle] (controllers/randomCircle.controller.js:371:13)

    console.log
      馃幉 鏀跺埌鑾峰彇闅忔満public鏈嬪弸鍦堣姹? { openid: 'test_openid_1770881051073_1198' }

      at Object.log [as getRandomPublicCircle] (controllers/randomCircle.controller.js:168:13)

    console.log
      鉁?鐢ㄦ埛宸茶璇侊紙openid锛? test_openid_1770881051073_1198

      at Object.log [as getRandomPublicCircle] (controllers/randomCircle.controller.js:185:17)

    console.log
      鉁?閰嶉妫€鏌ラ€氳繃锛屽墿浣欐鏁? 1

      at Object.log [as getRandomPublicCircle] (controllers/randomCircle.controller.js:204:17)

    console.log
      鈾伙笍  鎵€鏈夌鍚堟潯浠剁殑鏈嬪弸鍦堝凡璁块棶瀹屾瘯锛岄噸缃巻鍙茶褰曞苟閲嶈瘯

      at Object.log [as getRandomPublicCircle] (controllers/randomCircle.controller.js:282:17)

    console.log
      鉁?鎵惧埌绗﹀悎鏉′欢鐨勬湅鍙嬪湀 (灏濊瘯 1/10): {
        circleId: new ObjectId("698d801b36662bce2aa4d399"),
        circleName: '鍏紑鏈嬪弸鍦?',
        hasPost: true,
        imageCount: 1
      }

      at log (controllers/randomCircle.controller.js:114:15)

    console.log
      馃幉 鏀跺埌鑾峰彇闅忔満public鏈嬪弸鍦堣姹? { openid: 'test_openid_1770881051073_1198' }

      at Object.log [as getRandomPublicCircle] (controllers/randomCircle.controller.js:168:13)

    console.log
      鉁?鐢ㄦ埛宸茶璇侊紙openid锛? test_openid_1770881051073_1198

      at Object.log [as getRandomPublicCircle] (controllers/randomCircle.controller.js:185:17)

    console.log
      鉁?閰嶉妫€鏌ラ€氳繃锛屽墿浣欐鏁? 0

      at Object.log [as getRandomPublicCircle] (controllers/randomCircle.controller.js:204:17)

    console.log
      鉁?鎵惧埌绗﹀悎鏉′欢鐨勬湅鍙嬪湀 (灏濊瘯 1/10): {
        circleId: new ObjectId("698d801b36662bce2aa4d395"),
        circleName: '鍏紑鏈嬪弸鍦?',
        hasPost: true,
        imageCount: 1
      }

      at log (controllers/randomCircle.controller.js:114:15)

    console.log
      馃摑 鐢ㄦ埛 test_openid_1770881051073_1198 璁块棶鍘嗗彶鏇存柊: { currentCircle: '698d801b36662bce2aa4d395', totalVisited: 2 }

      at Object.log [as getRandomPublicCircle] (controllers/randomCircle.controller.js:342:15)

    console.log
      鉁?闅忔満鏈嬪弸鍦堣幏鍙栨垚鍔? {
        circleId: new ObjectId("698d801b36662bce2aa4d395"),
        circleName: '鍏紑鏈嬪弸鍦?',
        visitedCount: 2,
        hasLatestPost: true,
        imageCount: 1,
        quotaRemaining: 0
      }

      at Object.log [as getRandomPublicCircle] (controllers/randomCircle.controller.js:371:13)

    console.log
      馃幉 鏀跺埌鑾峰彇闅忔満public鏈嬪弸鍦堣姹? { openid: 'test_openid_1770881051073_1198' }

      at Object.log [as getRandomPublicCircle] (controllers/randomCircle.controller.js:168:13)

    console.log
      鉁?鐢ㄦ埛宸茶璇侊紙openid锛? test_openid_1770881051073_1198

      at Object.log [as getRandomPublicCircle] (controllers/randomCircle.controller.js:185:17)

    console.log
      馃毇 鐢ㄦ埛閰嶉宸茬敤瀹? {
        daily: 8,
        used: 8,
        remaining: 0,
        resetAt: '2026-02-12T16:00:00.000Z',
        hasPurchase: true
      }

      at Object.log [as getRandomPublicCircle] (controllers/randomCircle.controller.js:191:19)

    console.log
      馃幉 鏀跺埌鑾峰彇闅忔満public鏈嬪弸鍦堣姹? { openid: 'test_openid_1770881051326_579' }

      at Object.log [as getRandomPublicCircle] (controllers/randomCircle.controller.js:168:13)

    console.log
      鉁?鐢ㄦ埛宸茶璇侊紙openid锛? test_openid_1770881051326_579

      at Object.log [as getRandomPublicCircle] (controllers/randomCircle.controller.js:185:17)

    console.log
      鉁?閰嶉妫€鏌ラ€氳繃锛屽墿浣欐鏁? 2

      at Object.log [as getRandomPublicCircle] (controllers/randomCircle.controller.js:204:17)

    console.log
      鉁?鎵惧埌绗﹀悎鏉′欢鐨勬湅鍙嬪湀 (灏濊瘯 1/10): {
        circleId: new ObjectId("698d801b36662bce2aa4d400"),
        circleName: '鍏紑鏈嬪弸鍦?',
        hasPost: true,
        imageCount: 1
      }

      at log (controllers/randomCircle.controller.js:114:15)

    console.log
      馃摑 鐢ㄦ埛 test_openid_1770881051326_579 璁块棶鍘嗗彶鏇存柊: { currentCircle: '698d801b36662bce2aa4d400', totalVisited: 1 }

      at Object.log [as getRandomPublicCircle] (controllers/randomCircle.controller.js:342:15)

    console.log
      鉁?闅忔満鏈嬪弸鍦堣幏鍙栨垚鍔? {
        circleId: new ObjectId("698d801b36662bce2aa4d400"),
        circleName: '鍏紑鏈嬪弸鍦?',
        visitedCount: 1,
        hasLatestPost: true,
        imageCount: 1,
        quotaRemaining: 2
      }

      at Object.log [as getRandomPublicCircle] (controllers/randomCircle.controller.js:371:13)

    console.log
      馃幉 鏀跺埌鑾峰彇闅忔満public鏈嬪弸鍦堣姹? { openid: 'test_openid_1770881051326_579' }

      at Object.log [as getRandomPublicCircle] (controllers/randomCircle.controller.js:168:13)

    console.log
      鉁?鐢ㄦ埛宸茶璇侊紙openid锛? test_openid_1770881051326_579

      at Object.log [as getRandomPublicCircle] (controllers/randomCircle.controller.js:185:17)

    console.log
      鉁?閰嶉妫€鏌ラ€氳繃锛屽墿浣欐鏁? 1

      at Object.log [as getRandomPublicCircle] (controllers/randomCircle.controller.js:204:17)

    console.log
      鉁?鎵惧埌绗﹀悎鏉′欢鐨勬湅鍙嬪湀 (灏濊瘯 1/10): {
        circleId: new ObjectId("698d801b36662bce2aa4d402"),
        circleName: '鍏紑鏈嬪弸鍦?',
        hasPost: true,
        imageCount: 1
      }

      at log (controllers/randomCircle.controller.js:114:15)

    console.log
      馃摑 鐢ㄦ埛 test_openid_1770881051326_579 璁块棶鍘嗗彶鏇存柊: { currentCircle: '698d801b36662bce2aa4d402', totalVisited: 2 }

      at Object.log [as getRandomPublicCircle] (controllers/randomCircle.controller.js:342:15)

    console.log
      鉁?闅忔満鏈嬪弸鍦堣幏鍙栨垚鍔? {
        circleId: new ObjectId("698d801b36662bce2aa4d402"),
        circleName: '鍏紑鏈嬪弸鍦?',
        visitedCount: 2,
        hasLatestPost: true,
        imageCount: 1,
        quotaRemaining: 1
      }

      at Object.log [as getRandomPublicCircle] (controllers/randomCircle.controller.js:371:13)

    console.log
      馃幉 鏀跺埌鑾峰彇闅忔満public鏈嬪弸鍦堣姹? { openid: 'test_openid_1770881051326_579' }

      at Object.log [as getRandomPublicCircle] (controllers/randomCircle.controller.js:168:13)

    console.log
      鉁?鐢ㄦ埛宸茶璇侊紙openid锛? test_openid_1770881051326_579

      at Object.log [as getRandomPublicCircle] (controllers/randomCircle.controller.js:185:17)

    console.log
      鉁?閰嶉妫€鏌ラ€氳繃锛屽墿浣欐鏁? 0

      at Object.log [as getRandomPublicCircle] (controllers/randomCircle.controller.js:204:17)

    console.log
      鉁?鎵惧埌绗﹀悎鏉′欢鐨勬湅鍙嬪湀 (灏濊瘯 1/10): {
        circleId: new ObjectId("698d801b36662bce2aa4d3fe"),
        circleName: '鍏紑鏈嬪弸鍦?',
        hasPost: true,
        imageCount: 1
      }

      at log (controllers/randomCircle.controller.js:114:15)

    console.log
      馃摑 鐢ㄦ埛 test_openid_1770881051326_579 璁块棶鍘嗗彶鏇存柊: { currentCircle: '698d801b36662bce2aa4d3fe', totalVisited: 3 }

      at Object.log [as getRandomPublicCircle] (controllers/randomCircle.controller.js:342:15)

    console.log
      鉁?闅忔満鏈嬪弸鍦堣幏鍙栨垚鍔? {
        circleId: new ObjectId("698d801b36662bce2aa4d3fe"),
        circleName: '鍏紑鏈嬪弸鍦?',
        visitedCount: 3,
        hasLatestPost: true,
        imageCount: 1,
        quotaRemaining: 0
      }

      at Object.log [as getRandomPublicCircle] (controllers/randomCircle.controller.js:371:13)

    console.log
      馃幉 鏀跺埌鑾峰彇闅忔満public鏈嬪弸鍦堣姹? { openid: 'test_openid_1770881051326_579' }

      at Object.log [as getRandomPublicCircle] (controllers/randomCircle.controller.js:168:13)

    console.log
      鉁?鐢ㄦ埛宸茶璇侊紙openid锛? test_openid_1770881051326_579

      at Object.log [as getRandomPublicCircle] (controllers/randomCircle.controller.js:185:17)

    console.log
      馃毇 鐢ㄦ埛閰嶉宸茬敤瀹? {
        daily: 3,
        used: 3,
        remaining: 0,
        resetAt: '2026-02-12T16:00:00.000Z',
        hasPurchase: false
      }

      at Object.log [as getRandomPublicCircle] (controllers/randomCircle.controller.js:191:19)

    console.log
      馃幉 鏀跺埌鑾峰彇闅忔満public鏈嬪弸鍦堣姹? { openid: 'test_openid_1770881051326_579' }

      at Object.log [as getRandomPublicCircle] (controllers/randomCircle.controller.js:168:13)

    console.log
      鉁?鐢ㄦ埛宸茶璇侊紙openid锛? test_openid_1770881051326_579

      at Object.log [as getRandomPublicCircle] (controllers/randomCircle.controller.js:185:17)

    console.log
      鉁?閰嶉妫€鏌ラ€氳繃锛屽墿浣欐鏁? 2

      at Object.log [as getRandomPublicCircle] (controllers/randomCircle.controller.js:204:17)

    console.log
      鈾伙笍  鎵€鏈夌鍚堟潯浠剁殑鏈嬪弸鍦堝凡璁块棶瀹屾瘯锛岄噸缃巻鍙茶褰曞苟閲嶈瘯

      at Object.log [as getRandomPublicCircle] (controllers/randomCircle.controller.js:282:17)

    console.log
      鉁?鎵惧埌绗﹀悎鏉′欢鐨勬湅鍙嬪湀 (灏濊瘯 1/10): {
        circleId: new ObjectId("698d801b36662bce2aa4d402"),
        circleName: '鍏紑鏈嬪弸鍦?',
        hasPost: true,
        imageCount: 1
      }

      at log (controllers/randomCircle.controller.js:114:15)

    console.log
      馃幉 鏀跺埌鑾峰彇闅忔満public鏈嬪弸鍦堣姹? {}

      at Object.log [as getRandomPublicCircle] (controllers/randomCircle.controller.js:168:13)

    console.error
      鉂?鑾峰彇闅忔満public鏈嬪弸鍦堝け璐? TypeError: Cannot read properties of undefined (reading 'x-forwarded-for')
          at getClientIp (D:\Codes\Cursor\tl-backend\controllers\randomCircle.controller.js:26:32)
          at Object.getClientIp [as getRandomPublicCircle] (D:\Codes\Cursor\tl-backend\controllers\randomCircle.control
ler.js:216:24)
          at Object.getRandomPublicCircle (D:\Codes\Cursor\tl-backend\tests\controllers\randomCircle.test.js:495:38)
          at Promise.then.completed (D:\Codes\Cursor\tl-backend\node_modules\jest-circus\build\utils.js:298:28)
          at new Promise (<anonymous>)
          at callAsyncCircusFn (D:\Codes\Cursor\tl-backend\node_modules\jest-circus\build\utils.js:231:10)
          at _callCircusTest (D:\Codes\Cursor\tl-backend\node_modules\jest-circus\build\run.js:316:40)
          at processTicksAndRejections (node:internal/process/task_queues:105:5)
          at _runTest (D:\Codes\Cursor\tl-backend\node_modules\jest-circus\build\run.js:252:3)
          at _runTestsForDescribeBlock (D:\Codes\Cursor\tl-backend\node_modules\jest-circus\build\run.js:126:9)
          at _runTestsForDescribeBlock (D:\Codes\Cursor\tl-backend\node_modules\jest-circus\build\run.js:121:9)
          at _runTestsForDescribeBlock (D:\Codes\Cursor\tl-backend\node_modules\jest-circus\build\run.js:121:9)
          at run (D:\Codes\Cursor\tl-backend\node_modules\jest-circus\build\run.js:71:3)
          at runAndTransformResultsToJestFormat (D:\Codes\Cursor\tl-backend\node_modules\jest-circus\build\legacy-code-
todo-rewrite\jestAdapterInit.js:122:21)
          at jestAdapter (D:\Codes\Cursor\tl-backend\node_modules\jest-circus\build\legacy-code-todo-rewrite\jestAdapte
r.js:79:19)
          at runTestInternal (D:\Codes\Cursor\tl-backend\node_modules\jest-runner\build\runTest.js:367:16)
          at runTest (D:\Codes\Cursor\tl-backend\node_modules\jest-runner\build\runTest.js:444:34)

      385 |
      386 |   } catch (error) {
    > 387 |     console.error('鉂?鑾峰彇闅忔満public鏈嬪弸鍦堝け璐?', error);
          |             ^
      388 |     
      389 |     res.status(error.statusCode || 500).json({
      390 |       success: false,

      at Object.error [as getRandomPublicCircle] (controllers/randomCircle.controller.js:387:13)
      at Object.getRandomPublicCircle (tests/controllers/randomCircle.test.js:495:38)

    console.log
      馃幉 鏀跺埌鑾峰彇闅忔満public鏈嬪弸鍦堣姹? { openid: 'test_openid_1770881051504_3804' }

      at Object.log [as getRandomPublicCircle] (controllers/randomCircle.controller.js:168:13)

    console.log
      鉁?鐢ㄦ埛宸茶璇侊紙openid锛? test_openid_1770881051504_3804

      at Object.log [as getRandomPublicCircle] (controllers/randomCircle.controller.js:185:17)

    console.log
      鉁?閰嶉妫€鏌ラ€氳繃锛屽墿浣欐鏁? 2

      at Object.log [as getRandomPublicCircle] (controllers/randomCircle.controller.js:204:17)

    console.log
      鉁?鎵惧埌绗﹀悎鏉′欢鐨勬湅鍙嬪湀 (灏濊瘯 1/10): {
        circleId: new ObjectId("698d801b36662bce2aa4d456"),
        circleName: '鍏紑鏈嬪弸鍦?',
        hasPost: true,
        imageCount: 1
      }

      at log (controllers/randomCircle.controller.js:114:15)

    console.log
      馃摑 鐢ㄦ埛 test_openid_1770881051504_3804 璁块棶鍘嗗彶鏇存柊: { currentCircle: '698d801b36662bce2aa4d456', totalVisited: 1 }

      at Object.log [as getRandomPublicCircle] (controllers/randomCircle.controller.js:342:15)

    console.log
      鉁?闅忔満鏈嬪弸鍦堣幏鍙栨垚鍔? {
        circleId: new ObjectId("698d801b36662bce2aa4d456"),
        circleName: '鍏紑鏈嬪弸鍦?',
        visitedCount: 1,
        hasLatestPost: true,
        imageCount: 1,
        quotaRemaining: 2
      }

      at Object.log [as getRandomPublicCircle] (controllers/randomCircle.controller.js:371:13)

    console.log
      馃幉 鏀跺埌鑾峰彇闅忔満public鏈嬪弸鍦堣姹? { openid: 'test_openid_1770881051504_3804' }

      at Object.log [as getRandomPublicCircle] (controllers/randomCircle.controller.js:168:13)

    console.log
      鉁?鐢ㄦ埛宸茶璇侊紙openid锛? test_openid_1770881051504_3804

      at Object.log [as getRandomPublicCircle] (controllers/randomCircle.controller.js:185:17)

    console.log
      鉁?閰嶉妫€鏌ラ€氳繃锛屽墿浣欐鏁? 1

      at Object.log [as getRandomPublicCircle] (controllers/randomCircle.controller.js:204:17)

    console.log
      鉁?鎵惧埌绗﹀悎鏉′欢鐨勬湅鍙嬪湀 (灏濊瘯 1/10): {
        circleId: new ObjectId("698d801b36662bce2aa4d458"),
        circleName: '鍏紑鏈嬪弸鍦?',
        hasPost: true,
        imageCount: 1
      }

      at log (controllers/randomCircle.controller.js:114:15)

    console.log
      馃摑 鐢ㄦ埛 test_openid_1770881051504_3804 璁块棶鍘嗗彶鏇存柊: { currentCircle: '698d801b36662bce2aa4d458', totalVisited: 2 }

      at Object.log [as getRandomPublicCircle] (controllers/randomCircle.controller.js:342:15)

    console.log
      鉁?闅忔満鏈嬪弸鍦堣幏鍙栨垚鍔? {
        circleId: new ObjectId("698d801b36662bce2aa4d458"),
        circleName: '鍏紑鏈嬪弸鍦?',
        visitedCount: 2,
        hasLatestPost: true,
        imageCount: 1,
        quotaRemaining: 1
      }

      at Object.log [as getRandomPublicCircle] (controllers/randomCircle.controller.js:371:13)

    console.log
      馃幉 鏀跺埌鑾峰彇闅忔満public鏈嬪弸鍦堣姹? { openid: 'test_openid_1770881051504_3804' }

      at Object.log [as getRandomPublicCircle] (controllers/randomCircle.controller.js:168:13)

    console.log
      鉁?鐢ㄦ埛宸茶璇侊紙openid锛? test_openid_1770881051504_3804

      at Object.log [as getRandomPublicCircle] (controllers/randomCircle.controller.js:185:17)

    console.log
      鉁?閰嶉妫€鏌ラ€氳繃锛屽墿浣欐鏁? 0

      at Object.log [as getRandomPublicCircle] (controllers/randomCircle.controller.js:204:17)

    console.log
      鉁?鎵惧埌绗﹀悎鏉′欢鐨勬湅鍙嬪湀 (灏濊瘯 1/10): {
        circleId: new ObjectId("698d801b36662bce2aa4d454"),
        circleName: '鍏紑鏈嬪弸鍦?',
        hasPost: true,
        imageCount: 1
      }

      at log (controllers/randomCircle.controller.js:114:15)

    console.log
      馃摑 鐢ㄦ埛 test_openid_1770881051504_3804 璁块棶鍘嗗彶鏇存柊: { currentCircle: '698d801b36662bce2aa4d454', totalVisited: 3 }

      at Object.log [as getRandomPublicCircle] (controllers/randomCircle.controller.js:342:15)

    console.log
      鉁?闅忔満鏈嬪弸鍦堣幏鍙栨垚鍔? {
        circleId: new ObjectId("698d801b36662bce2aa4d454"),
        circleName: '鍏紑鏈嬪弸鍦?',
        visitedCount: 3,
        hasLatestPost: true,
        imageCount: 1,
        quotaRemaining: 0
      }

      at Object.log [as getRandomPublicCircle] (controllers/randomCircle.controller.js:371:13)

    console.log
      馃幉 鏀跺埌鑾峰彇闅忔満public鏈嬪弸鍦堣姹? { openid: 'test_openid_1770881051620_5421' }

      at Object.log [as getRandomPublicCircle] (controllers/randomCircle.controller.js:168:13)

    console.log
      鉁?鐢ㄦ埛宸茶璇侊紙openid锛? test_openid_1770881051620_5421

      at Object.log [as getRandomPublicCircle] (controllers/randomCircle.controller.js:185:17)

    console.log
      鉁?閰嶉妫€鏌ラ€氳繃锛屽墿浣欐鏁? 2

      at Object.log [as getRandomPublicCircle] (controllers/randomCircle.controller.js:204:17)

    console.log
      鉁?鎵惧埌绗﹀悎鏉′欢鐨勬湅鍙嬪湀 (灏濊瘯 1/10): {
        circleId: new ObjectId("698d801b36662bce2aa4d489"),
        circleName: '鍏紑鏈嬪弸鍦?',
        hasPost: true,
        imageCount: 1
      }

      at log (controllers/randomCircle.controller.js:114:15)

    console.log
      馃摑 鐢ㄦ埛 test_openid_1770881051620_5421 璁块棶鍘嗗彶鏇存柊: { currentCircle: '698d801b36662bce2aa4d489', totalVisited: 1 }

      at Object.log [as getRandomPublicCircle] (controllers/randomCircle.controller.js:342:15)

    console.log
      鉁?闅忔満鏈嬪弸鍦堣幏鍙栨垚鍔? {
        circleId: new ObjectId("698d801b36662bce2aa4d489"),
        circleName: '鍏紑鏈嬪弸鍦?',
        visitedCount: 1,
        hasLatestPost: true,
        imageCount: 1,
        quotaRemaining: 2
      }

      at Object.log [as getRandomPublicCircle] (controllers/randomCircle.controller.js:371:13)

    console.log
      馃幉 鏀跺埌鑾峰彇闅忔満public鏈嬪弸鍦堣姹? { openid: 'test_openid_1770881051620_5421' }

      at Object.log [as getRandomPublicCircle] (controllers/randomCircle.controller.js:168:13)

    console.log
      鉁?鐢ㄦ埛宸茶璇侊紙openid锛? test_openid_1770881051620_5421

      at Object.log [as getRandomPublicCircle] (controllers/randomCircle.controller.js:185:17)

    console.log
      鉁?閰嶉妫€鏌ラ€氳繃锛屽墿浣欐鏁? 1

      at Object.log [as getRandomPublicCircle] (controllers/randomCircle.controller.js:204:17)

    console.log
      鉁?鎵惧埌绗﹀悎鏉′欢鐨勬湅鍙嬪湀 (灏濊瘯 1/10): {
        circleId: new ObjectId("698d801b36662bce2aa4d48b"),
        circleName: '鍏紑鏈嬪弸鍦?',
        hasPost: true,
        imageCount: 1
      }

      at log (controllers/randomCircle.controller.js:114:15)

    console.log
      馃摑 鐢ㄦ埛 test_openid_1770881051620_5421 璁块棶鍘嗗彶鏇存柊: { currentCircle: '698d801b36662bce2aa4d48b', totalVisited: 2 }

      at Object.log [as getRandomPublicCircle] (controllers/randomCircle.controller.js:342:15)

    console.log
      鉁?闅忔満鏈嬪弸鍦堣幏鍙栨垚鍔? {
        circleId: new ObjectId("698d801b36662bce2aa4d48b"),
        circleName: '鍏紑鏈嬪弸鍦?',
        visitedCount: 2,
        hasLatestPost: true,
        imageCount: 1,
        quotaRemaining: 1
      }

      at Object.log [as getRandomPublicCircle] (controllers/randomCircle.controller.js:371:13)

    console.log
      馃幉 鏀跺埌鑾峰彇闅忔満public鏈嬪弸鍦堣姹? { openid: 'test_openid_1770881051620_5421' }

      at Object.log [as getRandomPublicCircle] (controllers/randomCircle.controller.js:168:13)

    console.log
      鉁?鐢ㄦ埛宸茶璇侊紙openid锛? test_openid_1770881051620_5421

      at Object.log [as getRandomPublicCircle] (controllers/randomCircle.controller.js:185:17)

    console.log
      鉁?閰嶉妫€鏌ラ€氳繃锛屽墿浣欐鏁? 0

      at Object.log [as getRandomPublicCircle] (controllers/randomCircle.controller.js:204:17)

    console.log
      鉁?鎵惧埌绗﹀悎鏉′欢鐨勬湅鍙嬪湀 (灏濊瘯 1/10): {
        circleId: new ObjectId("698d801b36662bce2aa4d487"),
        circleName: '鍏紑鏈嬪弸鍦?',
        hasPost: true,
        imageCount: 1
      }

      at log (controllers/randomCircle.controller.js:114:15)

    console.log
      馃摑 鐢ㄦ埛 test_openid_1770881051620_5421 璁块棶鍘嗗彶鏇存柊: { currentCircle: '698d801b36662bce2aa4d487', totalVisited: 3 }

      at Object.log [as getRandomPublicCircle] (controllers/randomCircle.controller.js:342:15)

    console.log
      鉁?闅忔満鏈嬪弸鍦堣幏鍙栨垚鍔? {
        circleId: new ObjectId("698d801b36662bce2aa4d487"),
        circleName: '鍏紑鏈嬪弸鍦?',
        visitedCount: 3,
        hasLatestPost: true,
        imageCount: 1,
        quotaRemaining: 0
      }

      at Object.log [as getRandomPublicCircle] (controllers/randomCircle.controller.js:371:13)

    console.log
      馃幉 鏀跺埌鑾峰彇闅忔満public鏈嬪弸鍦堣姹? { openid: 'test_openid_1770881051620_5421' }

      at Object.log [as getRandomPublicCircle] (controllers/randomCircle.controller.js:168:13)

    console.log
      鉁?鐢ㄦ埛宸茶璇侊紙openid锛? test_openid_1770881051620_5421

      at Object.log [as getRandomPublicCircle] (controllers/randomCircle.controller.js:185:17)

    console.log
      馃毇 鐢ㄦ埛閰嶉宸茬敤瀹? {
        daily: 3,
        used: 3,
        remaining: 0,
        resetAt: '2026-02-12T16:00:00.000Z',
        hasPurchase: false
      }

      at Object.log [as getRandomPublicCircle] (controllers/randomCircle.controller.js:191:19)

    console.log
      馃幉 鏀跺埌鑾峰彇闅忔満public鏈嬪弸鍦堣姹? { openid: 'test_openid_1770881051740_9383' }

      at Object.log [as getRandomPublicCircle] (controllers/randomCircle.controller.js:168:13)

    console.log
      鉁?鐢ㄦ埛宸茶璇侊紙openid锛? test_openid_1770881051740_9383

      at Object.log [as getRandomPublicCircle] (controllers/randomCircle.controller.js:185:17)

    console.log
      鉁?閰嶉妫€鏌ラ€氳繃锛屽墿浣欐鏁? 2

      at Object.log [as getRandomPublicCircle] (controllers/randomCircle.controller.js:204:17)

    console.log
      鉁?鎵惧埌绗﹀悎鏉′欢鐨勬湅鍙嬪湀 (灏濊瘯 1/10): {
        circleId: new ObjectId("698d801b36662bce2aa4d4bb"),
        circleName: '鍏紑鏈嬪弸鍦?',
        hasPost: true,
        imageCount: 1
      }

      at log (controllers/randomCircle.controller.js:114:15)

    console.log
      馃摑 鐢ㄦ埛 test_openid_1770881051740_9383 璁块棶鍘嗗彶鏇存柊: { currentCircle: '698d801b36662bce2aa4d4bb', totalVisited: 1 }

      at Object.log [as getRandomPublicCircle] (controllers/randomCircle.controller.js:342:15)

    console.log
      鉁?闅忔満鏈嬪弸鍦堣幏鍙栨垚鍔? {
        circleId: new ObjectId("698d801b36662bce2aa4d4bb"),
        circleName: '鍏紑鏈嬪弸鍦?',
        visitedCount: 1,
        hasLatestPost: true,
        imageCount: 1,
        quotaRemaining: 2
      }

      at Object.log [as getRandomPublicCircle] (controllers/randomCircle.controller.js:371:13)

    console.log
      馃幉 鏀跺埌鑾峰彇闅忔満public鏈嬪弸鍦堣姹? { openid: 'test_openid_1770881051740_9383' }

      at Object.log [as getRandomPublicCircle] (controllers/randomCircle.controller.js:168:13)

    console.log
      鉁?鐢ㄦ埛宸茶璇侊紙openid锛? test_openid_1770881051740_9383

      at Object.log [as getRandomPublicCircle] (controllers/randomCircle.controller.js:185:17)

    console.log
      鉁?閰嶉妫€鏌ラ€氳繃锛屽墿浣欐鏁? 1

      at Object.log [as getRandomPublicCircle] (controllers/randomCircle.controller.js:204:17)

    console.log
      鉁?鎵惧埌绗﹀悎鏉′欢鐨勬湅鍙嬪湀 (灏濊瘯 1/10): {
        circleId: new ObjectId("698d801b36662bce2aa4d4bd"),
        circleName: '鍏紑鏈嬪弸鍦?',
        hasPost: true,
        imageCount: 1
      }

      at log (controllers/randomCircle.controller.js:114:15)

    console.log
      馃摑 鐢ㄦ埛 test_openid_1770881051740_9383 璁块棶鍘嗗彶鏇存柊: { currentCircle: '698d801b36662bce2aa4d4bd', totalVisited: 2 }

      at Object.log [as getRandomPublicCircle] (controllers/randomCircle.controller.js:342:15)

    console.log
      鉁?闅忔満鏈嬪弸鍦堣幏鍙栨垚鍔? {
        circleId: new ObjectId("698d801b36662bce2aa4d4bd"),
        circleName: '鍏紑鏈嬪弸鍦?',
        visitedCount: 2,
        hasLatestPost: true,
        imageCount: 1,
        quotaRemaining: 1
      }

      at Object.log [as getRandomPublicCircle] (controllers/randomCircle.controller.js:371:13)

    console.log
      馃幉 鏀跺埌鑾峰彇闅忔満public鏈嬪弸鍦堣姹? { openid: 'test_openid_1770881051740_9383' }

      at Object.log [as getRandomPublicCircle] (controllers/randomCircle.controller.js:168:13)

    console.log
      鉁?鐢ㄦ埛宸茶璇侊紙openid锛? test_openid_1770881051740_9383

      at Object.log [as getRandomPublicCircle] (controllers/randomCircle.controller.js:185:17)

    console.log
      鉁?閰嶉妫€鏌ラ€氳繃锛屽墿浣欐鏁? 0

      at Object.log [as getRandomPublicCircle] (controllers/randomCircle.controller.js:204:17)

    console.log
      鉁?鎵惧埌绗﹀悎鏉′欢鐨勬湅鍙嬪湀 (灏濊瘯 1/10): {
        circleId: new ObjectId("698d801b36662bce2aa4d4bf"),
        circleName: '鍏紑鏈嬪弸鍦?',
        hasPost: true,
        imageCount: 1
      }

      at log (controllers/randomCircle.controller.js:114:15)

    console.log
      馃摑 鐢ㄦ埛 test_openid_1770881051740_9383 璁块棶鍘嗗彶鏇存柊: { currentCircle: '698d801b36662bce2aa4d4bf', totalVisited: 3 }

      at Object.log [as getRandomPublicCircle] (controllers/randomCircle.controller.js:342:15)

    console.log
      鉁?闅忔満鏈嬪弸鍦堣幏鍙栨垚鍔? {
        circleId: new ObjectId("698d801b36662bce2aa4d4bf"),
        circleName: '鍏紑鏈嬪弸鍦?',
        visitedCount: 3,
        hasLatestPost: true,
        imageCount: 1,
        quotaRemaining: 0
      }

      at Object.log [as getRandomPublicCircle] (controllers/randomCircle.controller.js:371:13)

    console.log
      馃幉 鏀跺埌鑾峰彇闅忔満public鏈嬪弸鍦堣姹? { openid: 'test_openid_1770881051740_9383' }

      at Object.log [as getRandomPublicCircle] (controllers/randomCircle.controller.js:168:13)

    console.log
      鉁?鐢ㄦ埛宸茶璇侊紙openid锛? test_openid_1770881051740_9383

      at Object.log [as getRandomPublicCircle] (controllers/randomCircle.controller.js:185:17)

    console.log
      馃毇 鐢ㄦ埛閰嶉宸茬敤瀹? {
        daily: 3,
        used: 3,
        remaining: 0,
        resetAt: '2026-02-12T16:00:00.000Z',
        hasPurchase: false
      }

      at Object.log [as getRandomPublicCircle] (controllers/randomCircle.controller.js:191:19)

    console.log
      馃幉 鏀跺埌鑾峰彇闅忔満public鏈嬪弸鍦堣姹? { openid: 'test_openid_1770881051867_400', excludeVisited: 'false' }

      at Object.log [as getRandomPublicCircle] (controllers/randomCircle.controller.js:168:13)

    console.log
      鉁?鐢ㄦ埛宸茶璇侊紙openid锛? test_openid_1770881051867_400

      at Object.log [as getRandomPublicCircle] (controllers/randomCircle.controller.js:185:17)

    console.log
      鉁?閰嶉妫€鏌ラ€氳繃锛屽墿浣欐鏁? 2

      at Object.log [as getRandomPublicCircle] (controllers/randomCircle.controller.js:204:17)

    console.log
      鉁?鎵惧埌绗﹀悎鏉′欢鐨勬湅鍙嬪湀 (灏濊瘯 1/10): {
        circleId: new ObjectId("698d801b36662bce2aa4d4f4"),
        circleName: '鍏紑鏈嬪弸鍦?',
        hasPost: true,
        imageCount: 1
      }

      at log (controllers/randomCircle.controller.js:114:15)

    console.log
      鉁?闅忔満鏈嬪弸鍦堣幏鍙栨垚鍔? {
        circleId: new ObjectId("698d801b36662bce2aa4d4f4"),
        circleName: '鍏紑鏈嬪弸鍦?',
        visitedCount: 0,
        hasLatestPost: true,
        imageCount: 1,
        quotaRemaining: 2
      }

      at Object.log [as getRandomPublicCircle] (controllers/randomCircle.controller.js:371:13)

    console.log
      馃幉 鏀跺埌鑾峰彇闅忔満public鏈嬪弸鍦堣姹? { openid: 'test_openid_1770881051867_400', excludeVisited: 'false' }

      at Object.log [as getRandomPublicCircle] (controllers/randomCircle.controller.js:168:13)

    console.log
      鉁?鐢ㄦ埛宸茶璇侊紙openid锛? test_openid_1770881051867_400

      at Object.log [as getRandomPublicCircle] (controllers/randomCircle.controller.js:185:17)

    console.log
      鉁?閰嶉妫€鏌ラ€氳繃锛屽墿浣欐鏁? 1

      at Object.log [as getRandomPublicCircle] (controllers/randomCircle.controller.js:204:17)

    console.log
      鉁?鎵惧埌绗﹀悎鏉′欢鐨勬湅鍙嬪湀 (灏濊瘯 1/10): {
        circleId: new ObjectId("698d801b36662bce2aa4d4f4"),
        circleName: '鍏紑鏈嬪弸鍦?',
        hasPost: true,
        imageCount: 1
      }

      at log (controllers/randomCircle.controller.js:114:15)

    console.log
      鉁?闅忔満鏈嬪弸鍦堣幏鍙栨垚鍔? {
        circleId: new ObjectId("698d801b36662bce2aa4d4f4"),
        circleName: '鍏紑鏈嬪弸鍦?',
        visitedCount: 0,
        hasLatestPost: true,
        imageCount: 1,
        quotaRemaining: 1
      }

      at Object.log [as getRandomPublicCircle] (controllers/randomCircle.controller.js:371:13)

    console.log
      馃幉 鏀跺埌鑾峰彇闅忔満public鏈嬪弸鍦堣姹? { openid: 'test_openid_1770881051867_400', excludeVisited: 'false' }

      at Object.log [as getRandomPublicCircle] (controllers/randomCircle.controller.js:168:13)

    console.log
      鉁?鐢ㄦ埛宸茶璇侊紙openid锛? test_openid_1770881051867_400

      at Object.log [as getRandomPublicCircle] (controllers/randomCircle.controller.js:185:17)

    console.log
      鉁?閰嶉妫€鏌ラ€氳繃锛屽墿浣欐鏁? 0

      at Object.log [as getRandomPublicCircle] (controllers/randomCircle.controller.js:204:17)

    console.log
      鉁?鎵惧埌绗﹀悎鏉′欢鐨勬湅鍙嬪湀 (灏濊瘯 1/10): {
        circleId: new ObjectId("698d801b36662bce2aa4d4f0"),
        circleName: '鍏紑鏈嬪弸鍦?',
        hasPost: true,
        imageCount: 1
      }

      at log (controllers/randomCircle.controller.js:114:15)

    console.log
      鉁?闅忔満鏈嬪弸鍦堣幏鍙栨垚鍔? {
        circleId: new ObjectId("698d801b36662bce2aa4d4f0"),
        circleName: '鍏紑鏈嬪弸鍦?',
        visitedCount: 0,
        hasLatestPost: true,
        imageCount: 1,
        quotaRemaining: 0
      }

      at Object.log [as getRandomPublicCircle] (controllers/randomCircle.controller.js:371:13)

    console.log
      馃幉 鏀跺埌鑾峰彇闅忔満public鏈嬪弸鍦堣姹? { openid: 'test_openid_1770881051985_8406' }

      at Object.log [as getRandomPublicCircle] (controllers/randomCircle.controller.js:168:13)

    console.log
      鉁?鐢ㄦ埛宸茶璇侊紙openid锛? test_openid_1770881051985_8406

      at Object.log [as getRandomPublicCircle] (controllers/randomCircle.controller.js:185:17)

    console.log
      鉁?閰嶉妫€鏌ラ€氳繃锛屽墿浣欐鏁? 2

      at Object.log [as getRandomPublicCircle] (controllers/randomCircle.controller.js:204:17)

    console.log
      鈿狅笍 鏈嬪弸鍦堜笉绗﹀悎鏉′欢 (灏濊瘯 1/10): {
        circleId: new ObjectId("698d801b36662bce2aa4d52b"),
        circleName: '鍏紑鏈嬪弸鍦?',
        hasPost: true,
        hasImages: false
      }

      at log (controllers/randomCircle.controller.js:124:13)

    console.log
      鉁?鎵惧埌绗﹀悎鏉′欢鐨勬湅鍙嬪湀 (灏濊瘯 2/10): {
        circleId: new ObjectId("698d801b36662bce2aa4d529"),
        circleName: '鍏紑鏈嬪弸鍦?',
        hasPost: true,
        imageCount: 1
      }

      at log (controllers/randomCircle.controller.js:114:15)

    console.log
      馃摑 鐢ㄦ埛 test_openid_1770881051985_8406 璁块棶鍘嗗彶鏇存柊: { currentCircle: '698d801b36662bce2aa4d529', totalVisited: 1 }

      at Object.log [as getRandomPublicCircle] (controllers/randomCircle.controller.js:342:15)

    console.log
      鉁?闅忔満鏈嬪弸鍦堣幏鍙栨垚鍔? {
        circleId: new ObjectId("698d801b36662bce2aa4d529"),
        circleName: '鍏紑鏈嬪弸鍦?',
        visitedCount: 1,
        hasLatestPost: true,
        imageCount: 1,
        quotaRemaining: 2
      }

      at Object.log [as getRandomPublicCircle] (controllers/randomCircle.controller.js:371:13)

    console.log
      馃攧 閲嶈瘯鏈哄埗娴嬭瘯: 鑰楁椂 35ms

      at Object.log (tests/controllers/randomCircle.test.js:658:15)

  鈼?闅忔満Public鏈嬪弸鍦堟帶鍒跺櫒娴嬭瘯 鈥?getRandomPublicCircle 鈥?鏈櫥褰曠敤鎴蜂篃搴旇鑳借闂殢鏈簆ublic鏈嬪弸鍦?
    expect(received).toBe(expected) // Object.is equality

    Expected: true
    Received: false

      173 |       const responseData = call[0];
      174 |
    > 175 |       expect(responseData.success).toBe(true);
          |                                    ^
      176 |       expect(responseData.data.circle).toBeDefined();
      177 |       expect(responseData.data.quota).toBeDefined();
      178 |       expect(responseData.data.quota.isGuest).toBe(true);

      at Object.toBe (tests/controllers/randomCircle.test.js:175:36)

  鈼?闅忔満Public鏈嬪弸鍦堟帶鍒跺櫒娴嬭瘯 鈥?閰嶉闄愬埗娴嬭瘯 鈥?鏈櫥褰曠敤鎴峰簲璇ユ湁閰嶉闄愬埗锛堟瘡澶?娆★級

    expect(received).toBe(expected) // Object.is equality

    Expected: true
    Received: false

      498 |         const responseData = call[0];
      499 |
    > 500 |         expect(responseData.success).toBe(true);
          |                                      ^
      501 |         expect(responseData.data.quota).toBeDefined();
      502 |         expect(responseData.data.quota.isGuest).toBe(true);
      503 |         expect(responseData.data.quota.daily).toBe(3);

      at Object.toBe (tests/controllers/randomCircle.test.js:500:38)

  鈼?闅忔満Public鏈嬪弸鍦堟帶鍒跺櫒娴嬭瘯 鈥?鎬ц兘娴嬭瘯 鈥?杩炵画澶氭璇锋眰搴旇绋冲畾

    expect(jest.fn()).toHaveBeenCalledTimes(expected)

    Expected number of calls: 3
    Received number of calls: 1

      617 |       
      618 |       // 鎵€鏈夎姹傞兘搴旇鎴愬姛
    > 619 |       expect(mockRes.json).toHaveBeenCalledTimes(requestCount);
          |                            ^
      620 |       mockRes.json.mock.calls.forEach(call => {
      621 |         expect(call[0].success).toBe(true);
      622 |       });

      at Object.toHaveBeenCalledTimes (tests/controllers/randomCircle.test.js:619:28)

Test Suites: 1 failed, 1 total
Tests:       3 failed, 20 passed, 23 total
Snapshots:   0 total
Time:        4.086 s, estimated 5 s
Ran all test suites matching /tests\\controllers\\randomCircle.test.js/i.
